#
# There is insufficient memory for the Java Runtime Environment to continue.
# Native memory allocation (malloc) failed to allocate 1586576 bytes for Chunk::new
# Possible reasons:
#   The system is out of physical RAM or swap space
#   The process is running with CompressedOops enabled, and the Java Heap may be blocking the growth of the native heap
# Possible solutions:
#   Reduce memory load on the system
#   Increase physical memory or swap space
#   Check if swap backing store is full
#   Decrease Java heap size (-Xmx/-Xms)
#   Decrease number of Java threads
#   Decrease Java thread stack sizes (-Xss)
#   Set larger code cache with -XX:ReservedCodeCacheSize=
#   JVM is running with Unscaled Compressed Oops mode in which the Java heap is
#     placed in the first 4GB address space. The Java Heap base address is the
#     maximum limit for the native heap growth. Please use -XX:HeapBaseMinAddress
#     to set the Java Heap base and to place the Java Heap above 4GB virtual address.
# This output file may be truncated or incomplete.
#
#  Out of Memory Error (arena.cpp:189), pid=8180, tid=36428
#
# JRE version: OpenJDK Runtime Environment (17.0.6) (build 17.0.6+0-b2043.56-10027231)
# Java VM: OpenJDK 64-Bit Server VM (17.0.6+0-b2043.56-10027231, mixed mode, tiered, compressed oops, compressed class ptrs, g1 gc, windows-amd64)
# No core dump will be written. Minidumps are not enabled by default on client versions of Windows
#

---------------  S U M M A R Y ------------

Command Line: --add-opens=java.base/java.util=ALL-UNNAMED --add-opens=java.base/java.lang=ALL-UNNAMED --add-opens=java.base/java.lang.invoke=ALL-UNNAMED --add-opens=java.prefs/java.util.prefs=ALL-UNNAMED --add-opens=java.base/java.nio.charset=ALL-UNNAMED --add-opens=java.base/java.net=ALL-UNNAMED --add-opens=java.base/java.util.concurrent.atomic=ALL-UNNAMED -Xmx2048m -Dfile.encoding=UTF-8 -Duser.country=FR -Duser.language=fr -Duser.variant org.gradle.launcher.daemon.bootstrap.GradleDaemon 8.0

Host: 13th Gen Intel(R) Core(TM) i7-1355U, 12 cores, 15G,  Windows 11 , 64 bit Build 26100 (10.0.26100.8246)
Time: Wed May  6 14:39:11 2026 Paris, Madrid (heure duild 26100 (10.0.26100.8246) elapsed time: 34.473684 seconds (0d 0h 0m 34s)

---------------  T H R E A D  ---------------

Current thread (0x0000016b6cac6e40):  JavaThread "C2 CompilerThread0" daemon [_thread_in_native, id=36428, stack(0x00000065c0800000,0x00000065c0900000)]


Current CompileTask:
C2:  34473 5897   !   4       org.gradle.internal.classpath.InstrumentingClasspathFileTransformer::lambda$visitEntries$1 (180 bytes)

Stack: [0x00000065c0800000,0x00000065c0900000]
Native frames: (J=compiled Java code, j=interpreted, Vv=VM code, C=native code)
V  [jvm.dll+0x683c9a]
V  [jvm.dll+0x8427a4]
V  [jvm.dll+0x843f9e]
V  [jvm.dll+0x844603]
V  [jvm.dll+0x249b75]
V  [jvm.dll+0xabcac]
V  [jvm.dll+0xac27c]
V  [jvm.dll+0x368802]
V  [jvm.dll+0x332f31]
V  [jvm.dll+0x3323da]
V  [jvm.dll+0x21c201]
V  [jvm.dll+0x21b621]
V  [jvm.dll+0x1a4fdd]
V  [jvm.dll+0x22b098]
V  [jvm.dll+0x229159]
V  [jvm.dll+0x7f81ec]
V  [jvm.dll+0x7f274a]
V  [jvm.dll+0x682ad5]
C  [ucrtbase.dll+0x37b0]
C  [KERNEL32.DLL+0x2e8d7]
C  [ntdll.dll+0x8c3fc]


---------------  P R O C E S S  ---------------

Threads class SMR info:
_java_thread_list=0x0000016b7048b2d0, length=47, elements={
0x0000016b52751c90, 0x0000016b6c483510, 0x0000016b6c483ed0, 0x0000016b6c48e6b0,
0x0000016b6cac5400, 0x0000016b6cac5cc0, 0x0000016b6cac6580, 0x0000016b6cac6e40,
0x0000016b6cac7740, 0x0000016b6cac8040, 0x0000016b6cc53670, 0x0000016b6cc77020,
0x0000016b6efb8770, 0x0000016b6efb7430, 0x0000016b6efb6f60, 0x0000016b6efb8c40,
0x0000016b6efb6a90, 0x0000016b6efb60f0, 0x0000016b6efb7900, 0x0000016b6efb95e0,
0x0000016b6efb82a0, 0x0000016b6efb9110, 0x0000016b6efb7dd0, 0x0000016b6efb5c20,
0x0000016b6ef8da70, 0x0000016b6ef900f0, 0x0000016b6ef8f280, 0x0000016b6ef8e8e0,
0x0000016b6ef8edb0, 0x0000016b6ef8f750, 0x0000016b6ef905c0, 0x0000016b6ef90a90,
0x0000016b6ef91430, 0x0000016b6ef8df40, 0x0000016b6ef92770, 0x0000016b6ef91dd0,
0x0000016b6ef935e0, 0x0000016b6ef93f80, 0x0000016b6ef94450, 0x0000016b6ef94920,
0x0000016b6ef922a0, 0x0000016b6ef92c40, 0x0000016b6ef93110, 0x0000016b6ef90f60,
0x0000016b6ef94df0, 0x0000016b6dddb6a0, 0x0000016b7150af60
}

Java Threads: ( => current thread )
  0x0000016b52751c90 JavaThread "main" [_thread_blocked, id=33696, stack(0x00000065bfb00000,0x00000065bfc00000)]
  0x0000016b6c483510 JavaThread "Reference Handler" daemon [_thread_blocked, id=652, stack(0x00000065c0200000,0x00000065c0300000)]
  0x0000016b6c483ed0 JavaThread "Finalizer" daemon [_thread_blocked, id=19652, stack(0x00000065c0300000,0x00000065c0400000)]
  0x0000016b6c48e6b0 JavaThread "Signal Dispatcher" daemon [_thread_blocked, id=3000, stack(0x00000065c0400000,0x00000065c0500000)]
  0x0000016b6cac5400 JavaThread "Attach Listener" daemon [_thread_blocked, id=23380, stack(0x00000065c0500000,0x00000065c0600000)]
  0x0000016b6cac5cc0 JavaThread "Service Thread" daemon [_thread_blocked, id=12296, stack(0x00000065c0600000,0x00000065c0700000)]
  0x0000016b6cac6580 JavaThread "Monitor Deflation Thread" daemon [_thread_blocked, id=7736, stack(0x00000065c0700000,0x00000065c0800000)]
=>0x0000016b6cac6e40 JavaThread "C2 CompilerThread0" daemon [_thread_in_native, id=36428, stack(0x00000065c0800000,0x00000065c0900000)]
  0x0000016b6cac7740 JavaThread "C1 CompilerThread0" daemon [_thread_blocked, id=9732, stack(0x00000065c0900000,0x00000065c0a00000)]
  0x0000016b6cac8040 JavaThread "Sweeper thread" daemon [_thread_blocked, id=39272, stack(0x00000065c0a00000,0x00000065c0b00000)]
  0x0000016b6cc53670 JavaThread "Common-Cleaner" daemon [_thread_blocked, id=33424, stack(0x00000065c0b00000,0x00000065c0c00000)]
  0x0000016b6cc77020 JavaThread "Notification Thread" daemon [_thread_blocked, id=27140, stack(0x00000065c0c00000,0x00000065c0d00000)]
  0x0000016b6efb8770 JavaThread "Daemon health stats" [_thread_blocked, id=29488, stack(0x00000065c1500000,0x00000065c1600000)]
  0x0000016b6efb7430 JavaThread "Incoming local TCP Connector on port 50835" [_thread_in_native, id=38156, stack(0x00000065c0e00000,0x00000065c0f00000)]
  0x0000016b6efb6f60 JavaThread "Daemon periodic checks" [_thread_blocked, id=16604, stack(0x00000065c1400000,0x00000065c1500000)]
  0x0000016b6efb8c40 JavaThread "Daemon" [_thread_blocked, id=24300, stack(0x00000065c1700000,0x00000065c1800000)]
  0x0000016b6efb6a90 JavaThread "Handler for socket connection from /127.0.0.1:50835 to /127.0.0.1:50836" [_thread_in_native, id=12924, stack(0x00000065c1800000,0x00000065c1900000)]
  0x0000016b6efb60f0 JavaThread "Cancel handler" [_thread_blocked, id=41756, stack(0x00000065c1900000,0x00000065c1a00000)]
  0x0000016b6efb7900 JavaThread "Daemon worker" [_thread_blocked, id=28324, stack(0x00000065c1a00000,0x00000065c1b00000)]
  0x0000016b6efb95e0 JavaThread "Asynchronous log dispatcher for DefaultDaemonConnection: socket connection from /127.0.0.1:50835 to /127.0.0.1:50836" [_thread_blocked, id=31380, stack(0x00000065c1b00000,0x00000065c1c00000)]
  0x0000016b6efb82a0 JavaThread "Stdin handler" [_thread_blocked, id=31868, stack(0x00000065c1c00000,0x00000065c1d00000)]
  0x0000016b6efb9110 JavaThread "Daemon client event forwarder" [_thread_blocked, id=3164, stack(0x00000065c1d00000,0x00000065c1e00000)]
  0x0000016b6efb7dd0 JavaThread "Cache worker for journal cache (C:\Users\Ashley (etu-arakoto)\.gradle\caches\journal-1)" [_thread_blocked, id=30116, stack(0x00000065c2400000,0x00000065c2500000)]
  0x0000016b6efb5c20 JavaThread "File lock request listener" [_thread_in_native, id=13916, stack(0x00000065c2500000,0x00000065c2600000)]
  0x0000016b6ef8da70 JavaThread "Cache worker for file hash cache (C:\Users\Ashley (etu-arakoto)\.gradle\caches\8.0\fileHashes)" [_thread_blocked, id=16240, stack(0x00000065c2600000,0x00000065c2700000)]
  0x0000016b6ef900f0 JavaThread "File watcher server" daemon [_thread_in_native, id=16600, stack(0x00000065c1600000,0x00000065c1700000)]
  0x0000016b6ef8f280 JavaThread "File watcher consumer" daemon [_thread_blocked, id=28016, stack(0x00000065c2700000,0x00000065c2800000)]
  0x0000016b6ef8e8e0 JavaThread "jar transforms" [_thread_blocked, id=21804, stack(0x00000065c2800000,0x00000065c2900000)]
  0x0000016b6ef8edb0 JavaThread "jar transforms Thread 2" [_thread_blocked, id=29604, stack(0x00000065c2900000,0x00000065c2a00000)]
  0x0000016b6ef8f750 JavaThread "jar transforms Thread 3" [_thread_blocked, id=6844, stack(0x00000065c2a00000,0x00000065c2b00000)]
  0x0000016b6ef905c0 JavaThread "jar transforms Thread 4" [_thread_blocked, id=21700, stack(0x00000065c2b00000,0x00000065c2c00000)]
  0x0000016b6ef90a90 JavaThread "jar transforms Thread 5" [_thread_blocked, id=36220, stack(0x00000065c2c00000,0x00000065c2d00000)]
  0x0000016b6ef91430 JavaThread "jar transforms Thread 6" [_thread_blocked, id=29476, stack(0x00000065c2d00000,0x00000065c2e00000)]
  0x0000016b6ef8df40 JavaThread "jar transforms Thread 7" [_thread_blocked, id=29944, stack(0x00000065c2e00000,0x00000065c2f00000)]
  0x0000016b6ef92770 JavaThread "jar transforms Thread 8" [_thread_blocked, id=200, stack(0x00000065c2f00000,0x00000065c3000000)]
  0x0000016b6ef91dd0 JavaThread "jar transforms Thread 9" [_thread_blocked, id=16800, stack(0x00000065c3000000,0x00000065c3100000)]
  0x0000016b6ef935e0 JavaThread "jar transforms Thread 10" [_thread_blocked, id=1364, stack(0x00000065c3100000,0x00000065c3200000)]
  0x0000016b6ef93f80 JavaThread "jar transforms Thread 11" [_thread_blocked, id=33080, stack(0x00000065c3200000,0x00000065c3300000)]
  0x0000016b6ef94450 JavaThread "jar transforms Thread 12" [_thread_blocked, id=3500, stack(0x00000065c3300000,0x00000065c3400000)]
  0x0000016b6ef94920 JavaThread "Cache worker for checksums cache (C:\Users\Ashley (etu-arakoto)\Documents\Informatique\suivi_candidatures\candidatures_android\.gradle\8.0\checksums)" [_thread_blocked, id=29292, stack(0x00000065c3600000,0x00000065c3700000)]
  0x0000016b6ef922a0 JavaThread "Cache worker for cache directory md-rule (C:\Users\Ashley (etu-arakoto)\.gradle\caches\8.0\md-rule)" [_thread_blocked, id=18644, stack(0x00000065c3500000,0x00000065c3600000)]
  0x0000016b6ef92c40 JavaThread "Cache worker for file content cache (C:\Users\Ashley (etu-arakoto)\.gradle\caches\8.0\fileContent)" [_thread_blocked, id=23956, stack(0x00000065c3700000,0x00000065c3800000)]
  0x0000016b6ef93110 JavaThread "Cache worker for file hash cache (C:\Users\Ashley (etu-arakoto)\Documents\Informatique\suivi_candidatures\candidatures_android\.gradle\8.0\fileHashes)" [_thread_blocked, id=36976, stack(0x00000065c3800000,0x00000065c3900000)]
  0x0000016b6ef90f60 JavaThread "Cache worker for cache directory md-supplier (C:\Users\Ashley (etu-arakoto)\.gradle\caches\8.0\md-supplier)" [_thread_blocked, id=32384, stack(0x00000065c3900000,0x00000065c3a00000)]
  0x0000016b6ef94df0 JavaThread "Cache worker for execution history cache (C:\Users\Ashley (etu-arakoto)\.gradle\caches\8.0\executionHistory)" [_thread_blocked, id=24176, stack(0x00000065c3400000,0x00000065c3500000)]
  0x0000016b6dddb6a0 JavaThread "C2 CompilerThread1" daemon [_thread_in_native, id=7720, stack(0x00000065c3a00000,0x00000065c3b00000)]
  0x0000016b7150af60 JavaThread "C2 CompilerThread2" daemon [_thread_in_native, id=25380, stack(0x00000065c3b00000,0x00000065c3c00000)]

Other Threads:
  0x0000016b6c47fc60 VMThread "VM Thread" [stack: 0x00000065c0100000,0x00000065c0200000] [id=37752]
  0x0000016b527ca700 WatcherThread [stack: 0x00000065c0d00000,0x00000065c0e00000] [id=32160]
  0x0000016b527adc90 GCTaskThread "GC Thread#0" [stack: 0x00000065bfc00000,0x00000065bfd00000] [id=9476]
  0x0000016b6e5072a0 GCTaskThread "GC Thread#1" [stack: 0x00000065c0f00000,0x00000065c1000000] [id=39112]
  0x0000016b6d9bd2b0 GCTaskThread "GC Thread#2" [stack: 0x00000065c1000000,0x00000065c1100000] [id=19704]
  0x0000016b6d9bd560 GCTaskThread "GC Thread#3" [stack: 0x00000065c1100000,0x00000065c1200000] [id=41268]
  0x0000016b6d9bd810 GCTaskThread "GC Thread#4" [stack: 0x00000065c1200000,0x00000065c1300000] [id=38788]
  0x0000016b6d95b4e0 GCTaskThread "GC Thread#5" [stack: 0x00000065c1300000,0x00000065c1400000] [id=26248]
  0x0000016b70a56250 GCTaskThread "GC Thread#6" [stack: 0x00000065c1e00000,0x00000065c1f00000] [id=19468]
  0x0000016b708b07b0 GCTaskThread "GC Thread#7" [stack: 0x00000065c1f00000,0x00000065c2000000] [id=3332]
  0x0000016b70b9ed00 GCTaskThread "GC Thread#8" [stack: 0x00000065c2000000,0x00000065c2100000] [id=23440]
  0x0000016b70bb9520 GCTaskThread "GC Thread#9" [stack: 0x00000065c2100000,0x00000065c2200000] [id=9320]
  0x0000016b527beae0 ConcurrentGCThread "G1 Main Marker" [stack: 0x00000065bfd00000,0x00000065bfe00000] [id=13688]
  0x0000016b527bf400 ConcurrentGCThread "G1 Conc#0" [stack: 0x00000065bfe00000,0x00000065bff00000] [id=40108]
  0x0000016b70220e00 ConcurrentGCThread "G1 Conc#1" [stack: 0x00000065c2200000,0x00000065c2300000] [id=26028]
  0x0000016b70220090 ConcurrentGCThread "G1 Conc#2" [stack: 0x00000065c2300000,0x00000065c2400000] [id=21144]
  0x0000016b5280ecf0 ConcurrentGCThread "G1 Refine#0" [stack: 0x00000065bff00000,0x00000065c0000000] [id=29088]
  0x0000016b6c37e800 ConcurrentGCThread "G1 Service" [stack: 0x00000065c0000000,0x00000065c0100000] [id=31936]

Threads with active compile tasks:
C2 CompilerThread0    34648 5897   !   4       org.gradle.internal.classpath.InstrumentingClasspathFileTransformer::lambda$visitEntries$1 (180 bytes)
C2 CompilerThread1    34648 5899       4       org.gradle.internal.classpath.InstrumentingClasspathFileTransformer$$Lambda$490/0x00000001005c5bd8::visit (17 bytes)
C2 CompilerThread2    34649 5901       4       org.objectweb.asm.MethodVisitor::visitInvokeDynamicInsn (39 bytes)

VM state: not at safepoint (normal execution)

VM Mutex/Monitor currently owned by a thread: None

Heap address: 0x0000000080000000, size: 2048 MB, Compressed Oops mode: 32-bit

CDS archive(s) not mapped
Compressed class space mapped at: 0x0000000100000000-0x0000000140000000, reserved size: 1073741824
Narrow klass base: 0x0000000000000000, Narrow klass shift: 3, Narrow klass range: 0x140000000

GC Precious Log:
 CPUs: 12 total, 12 available
 Memory: 16068M
 Large Page Support: Disabled
 NUMA Support: Disabled
 Compressed Oops: Enabled (32-bit)
 Heap Region Size: 1M
 Heap Min Capacity: 8M
 Heap Initial Capacity: 252M
 Heap Max Capacity: 2G
 Pre-touch: Disabled
 Parallel Workers: 10
 Concurrent Workers: 3
 Concurrent Refinement Workers: 10
 Periodic GC: Disabled

Heap:
 garbage-first heap   total 219136K, used 69160K [0x0000000080000000, 0x0000000100000000)
  region size 1024K, 9 young (9216K), 6 survivors (6144K)
 Metaspace       used 52404K, committed 52800K, reserved 1097728K
  class space    used 6950K, committed 7168K, reserved 1048576K

Heap Regions: E=young(eden), S=young(survivor), O=old, HS=humongous(starts), HC=humongous(continues), CS=collection set, F=free, OA=open archive, CA=closed archive, TAMS=top-at-mark-start (previous, next)
|   0|0x0000000080000000, 0x0000000080100000, 0x0000000080100000|100%|HS|  |TAMS 0x0000000080100000, 0x0000000080000000| Complete 
|   1|0x0000000080100000, 0x0000000080200000, 0x0000000080200000|100%|HC|  |TAMS 0x0000000080200000, 0x0000000080100000| Complete 
|   2|0x0000000080200000, 0x0000000080300000, 0x0000000080300000|100%|HC|  |TAMS 0x0000000080300000, 0x0000000080200000| Complete 
|   3|0x0000000080300000, 0x0000000080400000, 0x0000000080400000|100%|HC|  |TAMS 0x0000000080400000, 0x0000000080300000| Complete 
|   4|0x0000000080400000, 0x0000000080500000, 0x0000000080500000|100%| O|  |TAMS 0x0000000080500000, 0x0000000080400000| Untracked 
|   5|0x0000000080500000, 0x0000000080600000, 0x0000000080600000|100%| O|  |TAMS 0x0000000080600000, 0x0000000080500000| Untracked 
|   6|0x0000000080600000, 0x0000000080700000, 0x0000000080700000|100%| O|  |TAMS 0x0000000080700000, 0x0000000080600000| Untracked 
|   7|0x0000000080700000, 0x0000000080800000, 0x0000000080800000|100%| O|  |TAMS 0x0000000080800000, 0x0000000080700000| Untracked 
|   8|0x0000000080800000, 0x0000000080900000, 0x0000000080900000|100%| O|  |TAMS 0x0000000080900000, 0x0000000080800000| Untracked 
|   9|0x0000000080900000, 0x0000000080a00000, 0x0000000080a00000|100%| O|  |TAMS 0x0000000080a00000, 0x0000000080900000| Untracked 
|  10|0x0000000080a00000, 0x0000000080af4600, 0x0000000080b00000| 95%| O|  |TAMS 0x0000000080af4600, 0x0000000080a00000| Untracked 
|  11|0x0000000080b00000, 0x0000000080c00000, 0x0000000080c00000|100%| O|  |TAMS 0x0000000080c00000, 0x0000000080b00000| Untracked 
|  12|0x0000000080c00000, 0x0000000080d00000, 0x0000000080d00000|100%| O|  |TAMS 0x0000000080d00000, 0x0000000080c00000| Untracked 
|  13|0x0000000080d00000, 0x0000000080e00000, 0x0000000080e00000|100%| O|  |TAMS 0x0000000080e00000, 0x0000000080d00000| Untracked 
|  14|0x0000000080e00000, 0x0000000080f00000, 0x0000000080f00000|100%| O|  |TAMS 0x0000000080f00000, 0x0000000080e00000| Untracked 
|  15|0x0000000080f00000, 0x0000000081000000, 0x0000000081000000|100%| O|  |TAMS 0x0000000081000000, 0x0000000080f00000| Untracked 
|  16|0x0000000081000000, 0x0000000081100000, 0x0000000081100000|100%| O|  |TAMS 0x0000000081100000, 0x0000000081000000| Untracked 
|  17|0x0000000081100000, 0x0000000081200000, 0x0000000081200000|100%| O|  |TAMS 0x0000000081200000, 0x0000000081100000| Untracked 
|  18|0x0000000081200000, 0x0000000081300000, 0x0000000081300000|100%| O|  |TAMS 0x0000000081300000, 0x0000000081200000| Untracked 
|  19|0x0000000081300000, 0x0000000081300000, 0x0000000081400000|  0%| F|  |TAMS 0x0000000081300000, 0x0000000081300000| Untracked 
|  20|0x0000000081400000, 0x0000000081500000, 0x0000000081500000|100%| O|  |TAMS 0x0000000081500000, 0x0000000081400000| Untracked 
|  21|0x0000000081500000, 0x0000000081600000, 0x0000000081600000|100%|HS|  |TAMS 0x0000000081600000, 0x0000000081500000| Complete 
|  22|0x0000000081600000, 0x0000000081700000, 0x0000000081700000|100%|HC|  |TAMS 0x0000000081700000, 0x0000000081600000| Complete 
|  23|0x0000000081700000, 0x0000000081800000, 0x0000000081800000|100%|HS|  |TAMS 0x0000000081800000, 0x0000000081700000| Complete 
|  24|0x0000000081800000, 0x0000000081900000, 0x0000000081900000|100%|HC|  |TAMS 0x0000000081900000, 0x0000000081800000| Complete 
|  25|0x0000000081900000, 0x0000000081a00000, 0x0000000081a00000|100%|HC|  |TAMS 0x0000000081a00000, 0x0000000081900000| Complete 
|  26|0x0000000081a00000, 0x0000000081b00000, 0x0000000081b00000|100%|HS|  |TAMS 0x0000000081b00000, 0x0000000081a00000| Complete 
|  27|0x0000000081b00000, 0x0000000081c00000, 0x0000000081c00000|100%|HC|  |TAMS 0x0000000081c00000, 0x0000000081b00000| Complete 
|  28|0x0000000081c00000, 0x0000000081d00000, 0x0000000081d00000|100%|HC|  |TAMS 0x0000000081d00000, 0x0000000081c00000| Complete 
|  29|0x0000000081d00000, 0x0000000081e00000, 0x0000000081e00000|100%| O|  |TAMS 0x0000000081e00000, 0x0000000081d00000| Untracked 
|  30|0x0000000081e00000, 0x0000000081f00000, 0x0000000081f00000|100%| O|  |TAMS 0x0000000081f00000, 0x0000000081e00000| Untracked 
|  31|0x0000000081f00000, 0x0000000082000000, 0x0000000082000000|100%| O|  |TAMS 0x0000000082000000, 0x0000000081f00000| Untracked 
|  32|0x0000000082000000, 0x0000000082100000, 0x0000000082100000|100%|HS|  |TAMS 0x0000000082100000, 0x0000000082000000| Complete 
|  33|0x0000000082100000, 0x0000000082200000, 0x0000000082200000|100%|HC|  |TAMS 0x0000000082200000, 0x0000000082100000| Complete 
|  34|0x0000000082200000, 0x0000000082300000, 0x0000000082300000|100%| O|  |TAMS 0x0000000082300000, 0x0000000082200000| Untracked 
|  35|0x0000000082300000, 0x0000000082400000, 0x0000000082400000|100%| O|  |TAMS 0x0000000082400000, 0x0000000082300000| Untracked 
|  36|0x0000000082400000, 0x0000000082500000, 0x0000000082500000|100%| O|  |TAMS 0x0000000082500000, 0x0000000082400000| Untracked 
|  37|0x0000000082500000, 0x0000000082600000, 0x0000000082600000|100%| O|  |TAMS 0x0000000082600000, 0x0000000082500000| Untracked 
|  38|0x0000000082600000, 0x0000000082700000, 0x0000000082700000|100%| O|  |TAMS 0x0000000082700000, 0x0000000082600000| Updating 
|  39|0x0000000082700000, 0x0000000082800000, 0x0000000082800000|100%|HS|  |TAMS 0x0000000082800000, 0x0000000082700000| Complete 
|  40|0x0000000082800000, 0x0000000082900000, 0x0000000082900000|100%|HC|  |TAMS 0x0000000082900000, 0x0000000082800000| Complete 
|  41|0x0000000082900000, 0x0000000082a00000, 0x0000000082a00000|100%|HC|  |TAMS 0x0000000082a00000, 0x0000000082900000| Complete 
|  42|0x0000000082a00000, 0x0000000082b00000, 0x0000000082b00000|100%|HC|  |TAMS 0x0000000082b00000, 0x0000000082a00000| Complete 
|  43|0x0000000082b00000, 0x0000000082c00000, 0x0000000082c00000|100%|HC|  |TAMS 0x0000000082c00000, 0x0000000082b00000| Complete 
|  44|0x0000000082c00000, 0x0000000082d00000, 0x0000000082d00000|100%|HC|  |TAMS 0x0000000082d00000, 0x0000000082c00000| Complete 
|  45|0x0000000082d00000, 0x0000000082e00000, 0x0000000082e00000|100%|HC|  |TAMS 0x0000000082e00000, 0x0000000082d00000| Complete 
|  46|0x0000000082e00000, 0x0000000082f00000, 0x0000000082f00000|100%|HC|  |TAMS 0x0000000082f00000, 0x0000000082e00000| Complete 
|  47|0x0000000082f00000, 0x0000000083000000, 0x0000000083000000|100%|HC|  |TAMS 0x0000000083000000, 0x0000000082f00000| Complete 
|  48|0x0000000083000000, 0x0000000083100000, 0x0000000083100000|100%|HC|  |TAMS 0x0000000083100000, 0x0000000083000000| Complete 
|  49|0x0000000083100000, 0x0000000083200000, 0x0000000083200000|100%|HC|  |TAMS 0x0000000083200000, 0x0000000083100000| Complete 
|  50|0x0000000083200000, 0x0000000083300000, 0x0000000083300000|100%|HC|  |TAMS 0x0000000083300000, 0x0000000083200000| Complete 
|  51|0x0000000083300000, 0x0000000083400000, 0x0000000083400000|100%| O|  |TAMS 0x0000000083400000, 0x0000000083300000| Untracked 
|  52|0x0000000083400000, 0x0000000083500000, 0x0000000083500000|100%| O|  |TAMS 0x0000000083500000, 0x0000000083400000| Untracked 
|  53|0x0000000083500000, 0x0000000083600000, 0x0000000083600000|100%| O|  |TAMS 0x0000000083600000, 0x0000000083500000| Untracked 
|  54|0x0000000083600000, 0x0000000083700000, 0x0000000083700000|100%| O|  |TAMS 0x0000000083700000, 0x0000000083600000| Untracked 
|  55|0x0000000083700000, 0x0000000083800000, 0x0000000083800000|100%| O|  |TAMS 0x0000000083800000, 0x0000000083700000| Untracked 
|  56|0x0000000083800000, 0x0000000083900000, 0x0000000083900000|100%| O|  |TAMS 0x0000000083900000, 0x0000000083800000| Untracked 
|  57|0x0000000083900000, 0x0000000083a00000, 0x0000000083a00000|100%| O|  |TAMS 0x0000000083a00000, 0x0000000083900000| Untracked 
|  58|0x0000000083a00000, 0x0000000083a23a00, 0x0000000083b00000| 13%| O|  |TAMS 0x0000000083a23a00, 0x0000000083a00000| Updating 
|  59|0x0000000083b00000, 0x0000000083c00000, 0x0000000083c00000|100%|HS|  |TAMS 0x0000000083c00000, 0x0000000083b00000| Complete 
|  60|0x0000000083c00000, 0x0000000083d00000, 0x0000000083d00000|100%|HC|  |TAMS 0x0000000083d00000, 0x0000000083c00000| Complete 
|  61|0x0000000083d00000, 0x0000000083e00000, 0x0000000083e00000|100%|HC|  |TAMS 0x0000000083e00000, 0x0000000083d00000| Complete 
|  62|0x0000000083e00000, 0x0000000083e00000, 0x0000000083f00000|  0%| F|  |TAMS 0x0000000083e00000, 0x0000000083e00000| Untracked 
|  63|0x0000000083f00000, 0x0000000083f00000, 0x0000000084000000|  0%| F|  |TAMS 0x0000000083f00000, 0x0000000083f00000| Untracked 
|  64|0x0000000084000000, 0x0000000084000000, 0x0000000084100000|  0%| F|  |TAMS 0x0000000084000000, 0x0000000084000000| Untracked 
|  65|0x0000000084100000, 0x0000000084100000, 0x0000000084200000|  0%| F|  |TAMS 0x0000000084100000, 0x0000000084100000| Untracked 
|  66|0x0000000084200000, 0x0000000084200000, 0x0000000084300000|  0%| F|  |TAMS 0x0000000084200000, 0x0000000084200000| Untracked 
|  67|0x0000000084300000, 0x0000000084300000, 0x0000000084400000|  0%| F|  |TAMS 0x0000000084300000, 0x0000000084300000| Untracked 
|  68|0x0000000084400000, 0x0000000084400000, 0x0000000084500000|  0%| F|  |TAMS 0x0000000084400000, 0x0000000084400000| Untracked 
|  69|0x0000000084500000, 0x0000000084500000, 0x0000000084600000|  0%| F|  |TAMS 0x0000000084500000, 0x0000000084500000| Untracked 
|  70|0x0000000084600000, 0x0000000084600000, 0x0000000084700000|  0%| F|  |TAMS 0x0000000084600000, 0x0000000084600000| Untracked 
|  71|0x0000000084700000, 0x0000000084700000, 0x0000000084800000|  0%| F|  |TAMS 0x0000000084700000, 0x0000000084700000| Untracked 
|  72|0x0000000084800000, 0x0000000084800000, 0x0000000084900000|  0%| F|  |TAMS 0x0000000084800000, 0x0000000084800000| Untracked 
|  73|0x0000000084900000, 0x0000000084900000, 0x0000000084a00000|  0%| F|  |TAMS 0x0000000084900000, 0x0000000084900000| Untracked 
|  74|0x0000000084a00000, 0x0000000084a00000, 0x0000000084b00000|  0%| F|  |TAMS 0x0000000084a00000, 0x0000000084a00000| Untracked 
|  75|0x0000000084b00000, 0x0000000084b00000, 0x0000000084c00000|  0%| F|  |TAMS 0x0000000084b00000, 0x0000000084b00000| Untracked 
|  76|0x0000000084c00000, 0x0000000084c00000, 0x0000000084d00000|  0%| F|  |TAMS 0x0000000084c00000, 0x0000000084c00000| Untracked 
|  77|0x0000000084d00000, 0x0000000084d00000, 0x0000000084e00000|  0%| F|  |TAMS 0x0000000084d00000, 0x0000000084d00000| Untracked 
|  78|0x0000000084e00000, 0x0000000084e00000, 0x0000000084f00000|  0%| F|  |TAMS 0x0000000084e00000, 0x0000000084e00000| Untracked 
|  79|0x0000000084f00000, 0x0000000084f00000, 0x0000000085000000|  0%| F|  |TAMS 0x0000000084f00000, 0x0000000084f00000| Untracked 
|  80|0x0000000085000000, 0x0000000085000000, 0x0000000085100000|  0%| F|  |TAMS 0x0000000085000000, 0x0000000085000000| Untracked 
|  81|0x0000000085100000, 0x0000000085100000, 0x0000000085200000|  0%| F|  |TAMS 0x0000000085100000, 0x0000000085100000| Untracked 
|  82|0x0000000085200000, 0x0000000085200000, 0x0000000085300000|  0%| F|  |TAMS 0x0000000085200000, 0x0000000085200000| Untracked 
|  83|0x0000000085300000, 0x0000000085300000, 0x0000000085400000|  0%| F|  |TAMS 0x0000000085300000, 0x0000000085300000| Untracked 
|  84|0x0000000085400000, 0x0000000085400000, 0x0000000085500000|  0%| F|  |TAMS 0x0000000085400000, 0x0000000085400000| Untracked 
|  85|0x0000000085500000, 0x0000000085500000, 0x0000000085600000|  0%| F|  |TAMS 0x0000000085500000, 0x0000000085500000| Untracked 
|  86|0x0000000085600000, 0x0000000085600000, 0x0000000085700000|  0%| F|  |TAMS 0x0000000085600000, 0x0000000085600000| Untracked 
|  87|0x0000000085700000, 0x0000000085700000, 0x0000000085800000|  0%| F|  |TAMS 0x0000000085700000, 0x0000000085700000| Untracked 
|  88|0x0000000085800000, 0x0000000085800000, 0x0000000085900000|  0%| F|  |TAMS 0x0000000085800000, 0x0000000085800000| Untracked 
|  89|0x0000000085900000, 0x0000000085900000, 0x0000000085a00000|  0%| F|  |TAMS 0x0000000085900000, 0x0000000085900000| Untracked 
|  90|0x0000000085a00000, 0x0000000085a00000, 0x0000000085b00000|  0%| F|  |TAMS 0x0000000085a00000, 0x0000000085a00000| Untracked 
|  91|0x0000000085b00000, 0x0000000085b72120, 0x0000000085c00000| 44%| S|CS|TAMS 0x0000000085b00000, 0x0000000085b00000| Complete 
|  92|0x0000000085c00000, 0x0000000085d00000, 0x0000000085d00000|100%| S|CS|TAMS 0x0000000085c00000, 0x0000000085c00000| Complete 
|  93|0x0000000085d00000, 0x0000000085e00000, 0x0000000085e00000|100%| S|CS|TAMS 0x0000000085d00000, 0x0000000085d00000| Complete 
|  94|0x0000000085e00000, 0x0000000085f00000, 0x0000000085f00000|100%| S|CS|TAMS 0x0000000085e00000, 0x0000000085e00000| Complete 
|  95|0x0000000085f00000, 0x0000000085f00000, 0x0000000086000000|  0%| F|  |TAMS 0x0000000085f00000, 0x0000000085f00000| Untracked 
|  96|0x0000000086000000, 0x0000000086000000, 0x0000000086100000|  0%| F|  |TAMS 0x0000000086000000, 0x0000000086000000| Untracked 
|  97|0x0000000086100000, 0x0000000086100000, 0x0000000086200000|  0%| F|  |TAMS 0x0000000086100000, 0x0000000086100000| Untracked 
|  98|0x0000000086200000, 0x0000000086200000, 0x0000000086300000|  0%| F|  |TAMS 0x0000000086200000, 0x0000000086200000| Untracked 
|  99|0x0000000086300000, 0x0000000086400000, 0x0000000086400000|100%| S|CS|TAMS 0x0000000086300000, 0x0000000086300000| Complete 
| 100|0x0000000086400000, 0x0000000086500000, 0x0000000086500000|100%| S|CS|TAMS 0x0000000086400000, 0x0000000086400000| Complete 
| 101|0x0000000086500000, 0x0000000086500000, 0x0000000086600000|  0%| F|  |TAMS 0x0000000086500000, 0x0000000086500000| Untracked 
| 102|0x0000000086600000, 0x0000000086600000, 0x0000000086700000|  0%| F|  |TAMS 0x0000000086600000, 0x0000000086600000| Untracked 
| 103|0x0000000086700000, 0x0000000086700000, 0x0000000086800000|  0%| F|  |TAMS 0x0000000086700000, 0x0000000086700000| Untracked 
| 104|0x0000000086800000, 0x0000000086800000, 0x0000000086900000|  0%| F|  |TAMS 0x0000000086800000, 0x0000000086800000| Untracked 
| 105|0x0000000086900000, 0x0000000086900000, 0x0000000086a00000|  0%| F|  |TAMS 0x0000000086900000, 0x0000000086900000| Untracked 
| 106|0x0000000086a00000, 0x0000000086a00000, 0x0000000086b00000|  0%| F|  |TAMS 0x0000000086a00000, 0x0000000086a00000| Untracked 
| 107|0x0000000086b00000, 0x0000000086b00000, 0x0000000086c00000|  0%| F|  |TAMS 0x0000000086b00000, 0x0000000086b00000| Untracked 
| 108|0x0000000086c00000, 0x0000000086c00000, 0x0000000086d00000|  0%| F|  |TAMS 0x0000000086c00000, 0x0000000086c00000| Untracked 
| 109|0x0000000086d00000, 0x0000000086d00000, 0x0000000086e00000|  0%| F|  |TAMS 0x0000000086d00000, 0x0000000086d00000| Untracked 
| 110|0x0000000086e00000, 0x0000000086e00000, 0x0000000086f00000|  0%| F|  |TAMS 0x0000000086e00000, 0x0000000086e00000| Untracked 
| 111|0x0000000086f00000, 0x0000000086f00000, 0x0000000087000000|  0%| F|  |TAMS 0x0000000086f00000, 0x0000000086f00000| Untracked 
| 112|0x0000000087000000, 0x0000000087000000, 0x0000000087100000|  0%| F|  |TAMS 0x0000000087000000, 0x0000000087000000| Untracked 
| 113|0x0000000087100000, 0x0000000087100000, 0x0000000087200000|  0%| F|  |TAMS 0x0000000087100000, 0x0000000087100000| Untracked 
| 114|0x0000000087200000, 0x0000000087200000, 0x0000000087300000|  0%| F|  |TAMS 0x0000000087200000, 0x0000000087200000| Untracked 
| 115|0x0000000087300000, 0x0000000087300000, 0x0000000087400000|  0%| F|  |TAMS 0x0000000087300000, 0x0000000087300000| Untracked 
| 116|0x0000000087400000, 0x0000000087400000, 0x0000000087500000|  0%| F|  |TAMS 0x0000000087400000, 0x0000000087400000| Untracked 
| 117|0x0000000087500000, 0x0000000087500000, 0x0000000087600000|  0%| F|  |TAMS 0x0000000087500000, 0x0000000087500000| Untracked 
| 118|0x0000000087600000, 0x0000000087600000, 0x0000000087700000|  0%| F|  |TAMS 0x0000000087600000, 0x0000000087600000| Untracked 
| 119|0x0000000087700000, 0x0000000087700000, 0x0000000087800000|  0%| F|  |TAMS 0x0000000087700000, 0x0000000087700000| Untracked 
| 120|0x0000000087800000, 0x0000000087800000, 0x0000000087900000|  0%| F|  |TAMS 0x0000000087800000, 0x0000000087800000| Untracked 
| 121|0x0000000087900000, 0x0000000087900000, 0x0000000087a00000|  0%| F|  |TAMS 0x0000000087900000, 0x0000000087900000| Untracked 
| 122|0x0000000087a00000, 0x0000000087a00000, 0x0000000087b00000|  0%| F|  |TAMS 0x0000000087a00000, 0x0000000087a00000| Untracked 
| 123|0x0000000087b00000, 0x0000000087b00000, 0x0000000087c00000|  0%| F|  |TAMS 0x0000000087b00000, 0x0000000087b00000| Untracked 
| 124|0x0000000087c00000, 0x0000000087c00000, 0x0000000087d00000|  0%| F|  |TAMS 0x0000000087c00000, 0x0000000087c00000| Untracked 
| 125|0x0000000087d00000, 0x0000000087d00000, 0x0000000087e00000|  0%| F|  |TAMS 0x0000000087d00000, 0x0000000087d00000| Untracked 
| 126|0x0000000087e00000, 0x0000000087e00000, 0x0000000087f00000|  0%| F|  |TAMS 0x0000000087e00000, 0x0000000087e00000| Untracked 
| 127|0x0000000087f00000, 0x0000000087f00000, 0x0000000088000000|  0%| F|  |TAMS 0x0000000087f00000, 0x0000000087f00000| Untracked 
| 128|0x0000000088000000, 0x0000000088000000, 0x0000000088100000|  0%| F|  |TAMS 0x0000000088000000, 0x0000000088000000| Untracked 
| 129|0x0000000088100000, 0x0000000088100000, 0x0000000088200000|  0%| F|  |TAMS 0x0000000088100000, 0x0000000088100000| Untracked 
| 130|0x0000000088200000, 0x0000000088200000, 0x0000000088300000|  0%| F|  |TAMS 0x0000000088200000, 0x0000000088200000| Untracked 
| 131|0x0000000088300000, 0x0000000088300000, 0x0000000088400000|  0%| F|  |TAMS 0x0000000088300000, 0x0000000088300000| Untracked 
| 132|0x0000000088400000, 0x0000000088400000, 0x0000000088500000|  0%| F|  |TAMS 0x0000000088400000, 0x0000000088400000| Untracked 
| 133|0x0000000088500000, 0x0000000088500000, 0x0000000088600000|  0%| F|  |TAMS 0x0000000088500000, 0x0000000088500000| Untracked 
| 134|0x0000000088600000, 0x0000000088600000, 0x0000000088700000|  0%| F|  |TAMS 0x0000000088600000, 0x0000000088600000| Untracked 
| 135|0x0000000088700000, 0x0000000088700000, 0x0000000088800000|  0%| F|  |TAMS 0x0000000088700000, 0x0000000088700000| Untracked 
| 136|0x0000000088800000, 0x0000000088800000, 0x0000000088900000|  0%| F|  |TAMS 0x0000000088800000, 0x0000000088800000| Untracked 
| 137|0x0000000088900000, 0x0000000088900000, 0x0000000088a00000|  0%| F|  |TAMS 0x0000000088900000, 0x0000000088900000| Untracked 
| 138|0x0000000088a00000, 0x0000000088a00000, 0x0000000088b00000|  0%| F|  |TAMS 0x0000000088a00000, 0x0000000088a00000| Untracked 
| 139|0x0000000088b00000, 0x0000000088b00000, 0x0000000088c00000|  0%| F|  |TAMS 0x0000000088b00000, 0x0000000088b00000| Untracked 
| 140|0x0000000088c00000, 0x0000000088c00000, 0x0000000088d00000|  0%| F|  |TAMS 0x0000000088c00000, 0x0000000088c00000| Untracked 
| 141|0x0000000088d00000, 0x0000000088d00000, 0x0000000088e00000|  0%| F|  |TAMS 0x0000000088d00000, 0x0000000088d00000| Untracked 
| 142|0x0000000088e00000, 0x0000000088e00000, 0x0000000088f00000|  0%| F|  |TAMS 0x0000000088e00000, 0x0000000088e00000| Untracked 
| 143|0x0000000088f00000, 0x0000000088f00000, 0x0000000089000000|  0%| F|  |TAMS 0x0000000088f00000, 0x0000000088f00000| Untracked 
| 144|0x0000000089000000, 0x0000000089000000, 0x0000000089100000|  0%| F|  |TAMS 0x0000000089000000, 0x0000000089000000| Untracked 
| 145|0x0000000089100000, 0x0000000089100000, 0x0000000089200000|  0%| F|  |TAMS 0x0000000089100000, 0x0000000089100000| Untracked 
| 146|0x0000000089200000, 0x0000000089200000, 0x0000000089300000|  0%| F|  |TAMS 0x0000000089200000, 0x0000000089200000| Untracked 
| 147|0x0000000089300000, 0x0000000089300000, 0x0000000089400000|  0%| F|  |TAMS 0x0000000089300000, 0x0000000089300000| Untracked 
| 148|0x0000000089400000, 0x0000000089400000, 0x0000000089500000|  0%| F|  |TAMS 0x0000000089400000, 0x0000000089400000| Untracked 
| 149|0x0000000089500000, 0x0000000089500000, 0x0000000089600000|  0%| F|  |TAMS 0x0000000089500000, 0x0000000089500000| Untracked 
| 150|0x0000000089600000, 0x0000000089600000, 0x0000000089700000|  0%| F|  |TAMS 0x0000000089600000, 0x0000000089600000| Untracked 
| 151|0x0000000089700000, 0x0000000089700000, 0x0000000089800000|  0%| F|  |TAMS 0x0000000089700000, 0x0000000089700000| Untracked 
| 152|0x0000000089800000, 0x0000000089800000, 0x0000000089900000|  0%| F|  |TAMS 0x0000000089800000, 0x0000000089800000| Untracked 
| 153|0x0000000089900000, 0x0000000089900000, 0x0000000089a00000|  0%| F|  |TAMS 0x0000000089900000, 0x0000000089900000| Untracked 
| 154|0x0000000089a00000, 0x0000000089a00000, 0x0000000089b00000|  0%| F|  |TAMS 0x0000000089a00000, 0x0000000089a00000| Untracked 
| 155|0x0000000089b00000, 0x0000000089b00000, 0x0000000089c00000|  0%| F|  |TAMS 0x0000000089b00000, 0x0000000089b00000| Untracked 
| 156|0x0000000089c00000, 0x0000000089c00000, 0x0000000089d00000|  0%| F|  |TAMS 0x0000000089c00000, 0x0000000089c00000| Untracked 
| 157|0x0000000089d00000, 0x0000000089d00000, 0x0000000089e00000|  0%| F|  |TAMS 0x0000000089d00000, 0x0000000089d00000| Untracked 
| 158|0x0000000089e00000, 0x0000000089e00000, 0x0000000089f00000|  0%| F|  |TAMS 0x0000000089e00000, 0x0000000089e00000| Untracked 
| 159|0x0000000089f00000, 0x0000000089f00000, 0x000000008a000000|  0%| F|  |TAMS 0x0000000089f00000, 0x0000000089f00000| Untracked 
| 160|0x000000008a000000, 0x000000008a000000, 0x000000008a100000|  0%| F|  |TAMS 0x000000008a000000, 0x000000008a000000| Untracked 
| 161|0x000000008a100000, 0x000000008a100000, 0x000000008a200000|  0%| F|  |TAMS 0x000000008a100000, 0x000000008a100000| Untracked 
| 162|0x000000008a200000, 0x000000008a200000, 0x000000008a300000|  0%| F|  |TAMS 0x000000008a200000, 0x000000008a200000| Untracked 
| 163|0x000000008a300000, 0x000000008a300000, 0x000000008a400000|  0%| F|  |TAMS 0x000000008a300000, 0x000000008a300000| Untracked 
| 164|0x000000008a400000, 0x000000008a400000, 0x000000008a500000|  0%| F|  |TAMS 0x000000008a400000, 0x000000008a400000| Untracked 
| 165|0x000000008a500000, 0x000000008a500000, 0x000000008a600000|  0%| F|  |TAMS 0x000000008a500000, 0x000000008a500000| Untracked 
| 166|0x000000008a600000, 0x000000008a600000, 0x000000008a700000|  0%| F|  |TAMS 0x000000008a600000, 0x000000008a600000| Untracked 
| 167|0x000000008a700000, 0x000000008a700000, 0x000000008a800000|  0%| F|  |TAMS 0x000000008a700000, 0x000000008a700000| Untracked 
| 168|0x000000008a800000, 0x000000008a800000, 0x000000008a900000|  0%| F|  |TAMS 0x000000008a800000, 0x000000008a800000| Untracked 
| 169|0x000000008a900000, 0x000000008a900000, 0x000000008aa00000|  0%| F|  |TAMS 0x000000008a900000, 0x000000008a900000| Untracked 
| 170|0x000000008aa00000, 0x000000008aa00000, 0x000000008ab00000|  0%| F|  |TAMS 0x000000008aa00000, 0x000000008aa00000| Untracked 
| 171|0x000000008ab00000, 0x000000008ab00000, 0x000000008ac00000|  0%| F|  |TAMS 0x000000008ab00000, 0x000000008ab00000| Untracked 
| 172|0x000000008ac00000, 0x000000008ac00000, 0x000000008ad00000|  0%| F|  |TAMS 0x000000008ac00000, 0x000000008ac00000| Untracked 
| 173|0x000000008ad00000, 0x000000008ad00000, 0x000000008ae00000|  0%| F|  |TAMS 0x000000008ad00000, 0x000000008ad00000| Untracked 
| 174|0x000000008ae00000, 0x000000008ae00000, 0x000000008af00000|  0%| F|  |TAMS 0x000000008ae00000, 0x000000008ae00000| Untracked 
| 175|0x000000008af00000, 0x000000008af00000, 0x000000008b000000|  0%| F|  |TAMS 0x000000008af00000, 0x000000008af00000| Untracked 
| 176|0x000000008b000000, 0x000000008b000000, 0x000000008b100000|  0%| F|  |TAMS 0x000000008b000000, 0x000000008b000000| Untracked 
| 177|0x000000008b100000, 0x000000008b100000, 0x000000008b200000|  0%| F|  |TAMS 0x000000008b100000, 0x000000008b100000| Untracked 
| 178|0x000000008b200000, 0x000000008b200000, 0x000000008b300000|  0%| F|  |TAMS 0x000000008b200000, 0x000000008b200000| Untracked 
| 179|0x000000008b300000, 0x000000008b300000, 0x000000008b400000|  0%| F|  |TAMS 0x000000008b300000, 0x000000008b300000| Untracked 
| 180|0x000000008b400000, 0x000000008b400000, 0x000000008b500000|  0%| F|  |TAMS 0x000000008b400000, 0x000000008b400000| Untracked 
| 181|0x000000008b500000, 0x000000008b500000, 0x000000008b600000|  0%| F|  |TAMS 0x000000008b500000, 0x000000008b500000| Untracked 
| 182|0x000000008b600000, 0x000000008b600000, 0x000000008b700000|  0%| F|  |TAMS 0x000000008b600000, 0x000000008b600000| Untracked 
| 183|0x000000008b700000, 0x000000008b700000, 0x000000008b800000|  0%| F|  |TAMS 0x000000008b700000, 0x000000008b700000| Untracked 
| 184|0x000000008b800000, 0x000000008b800000, 0x000000008b900000|  0%| F|  |TAMS 0x000000008b800000, 0x000000008b800000| Untracked 
| 185|0x000000008b900000, 0x000000008b900000, 0x000000008ba00000|  0%| F|  |TAMS 0x000000008b900000, 0x000000008b900000| Untracked 
| 186|0x000000008ba00000, 0x000000008ba00000, 0x000000008bb00000|  0%| F|  |TAMS 0x000000008ba00000, 0x000000008ba00000| Untracked 
| 187|0x000000008bb00000, 0x000000008bb00000, 0x000000008bc00000|  0%| F|  |TAMS 0x000000008bb00000, 0x000000008bb00000| Untracked 
| 188|0x000000008bc00000, 0x000000008bc00000, 0x000000008bd00000|  0%| F|  |TAMS 0x000000008bc00000, 0x000000008bc00000| Untracked 
| 189|0x000000008bd00000, 0x000000008bd00000, 0x000000008be00000|  0%| F|  |TAMS 0x000000008bd00000, 0x000000008bd00000| Untracked 
| 190|0x000000008be00000, 0x000000008be00000, 0x000000008bf00000|  0%| F|  |TAMS 0x000000008be00000, 0x000000008be00000| Untracked 
| 191|0x000000008bf00000, 0x000000008bf00000, 0x000000008c000000|  0%| F|  |TAMS 0x000000008bf00000, 0x000000008bf00000| Untracked 
| 192|0x000000008c000000, 0x000000008c000000, 0x000000008c100000|  0%| F|  |TAMS 0x000000008c000000, 0x000000008c000000| Untracked 
| 193|0x000000008c100000, 0x000000008c100000, 0x000000008c200000|  0%| F|  |TAMS 0x000000008c100000, 0x000000008c100000| Untracked 
| 194|0x000000008c200000, 0x000000008c200000, 0x000000008c300000|  0%| F|  |TAMS 0x000000008c200000, 0x000000008c200000| Untracked 
| 195|0x000000008c300000, 0x000000008c300000, 0x000000008c400000|  0%| F|  |TAMS 0x000000008c300000, 0x000000008c300000| Untracked 
| 196|0x000000008c400000, 0x000000008c400000, 0x000000008c500000|  0%| F|  |TAMS 0x000000008c400000, 0x000000008c400000| Untracked 
| 197|0x000000008c500000, 0x000000008c500000, 0x000000008c600000|  0%| F|  |TAMS 0x000000008c500000, 0x000000008c500000| Untracked 
| 198|0x000000008c600000, 0x000000008c600000, 0x000000008c700000|  0%| F|  |TAMS 0x000000008c600000, 0x000000008c600000| Untracked 
| 199|0x000000008c700000, 0x000000008c700000, 0x000000008c800000|  0%| F|  |TAMS 0x000000008c700000, 0x000000008c700000| Untracked 
| 200|0x000000008c800000, 0x000000008c800000, 0x000000008c900000|  0%| F|  |TAMS 0x000000008c800000, 0x000000008c800000| Untracked 
| 201|0x000000008c900000, 0x000000008c900000, 0x000000008ca00000|  0%| F|  |TAMS 0x000000008c900000, 0x000000008c900000| Untracked 
| 202|0x000000008ca00000, 0x000000008ca00000, 0x000000008cb00000|  0%| F|  |TAMS 0x000000008ca00000, 0x000000008ca00000| Untracked 
| 203|0x000000008cb00000, 0x000000008cb00000, 0x000000008cc00000|  0%| F|  |TAMS 0x000000008cb00000, 0x000000008cb00000| Untracked 
| 204|0x000000008cc00000, 0x000000008cc00000, 0x000000008cd00000|  0%| F|  |TAMS 0x000000008cc00000, 0x000000008cc00000| Untracked 
| 205|0x000000008cd00000, 0x000000008cd00000, 0x000000008ce00000|  0%| F|  |TAMS 0x000000008cd00000, 0x000000008cd00000| Untracked 
| 206|0x000000008ce00000, 0x000000008ce00000, 0x000000008cf00000|  0%| F|  |TAMS 0x000000008ce00000, 0x000000008ce00000| Untracked 
| 207|0x000000008cf00000, 0x000000008cf00000, 0x000000008d000000|  0%| F|  |TAMS 0x000000008cf00000, 0x000000008cf00000| Untracked 
| 208|0x000000008d000000, 0x000000008d000000, 0x000000008d100000|  0%| F|  |TAMS 0x000000008d000000, 0x000000008d000000| Untracked 
| 209|0x000000008d100000, 0x000000008d100000, 0x000000008d200000|  0%| F|  |TAMS 0x000000008d100000, 0x000000008d100000| Untracked 
| 210|0x000000008d200000, 0x000000008d200000, 0x000000008d300000|  0%| F|  |TAMS 0x000000008d200000, 0x000000008d200000| Untracked 
| 221|0x000000008dd00000, 0x000000008de00000, 0x000000008de00000|100%| E|  |TAMS 0x000000008dd00000, 0x000000008dd00000| Complete 
| 222|0x000000008de00000, 0x000000008df00000, 0x000000008df00000|100%| E|CS|TAMS 0x000000008de00000, 0x000000008de00000| Complete 
| 251|0x000000008fb00000, 0x000000008fc00000, 0x000000008fc00000|100%| E|CS|TAMS 0x000000008fb00000, 0x000000008fb00000| Complete 

Card table byte_map: [0x0000016b65560000,0x0000016b65960000] _byte_map_base: 0x0000016b65160000

Marking Bits (Prev, Next): (CMBitMap*) 0x0000016b527ae1f0, (CMBitMap*) 0x0000016b527ae1b0
 Prev Bits: [0x0000016b67d60000, 0x0000016b69d60000)
 Next Bits: [0x0000016b65d60000, 0x0000016b67d60000)

Polling page: 0x0000016b50670000

Metaspace:

Usage:
  Non-class:     44.39 MB used.
      Class:      6.79 MB used.
       Both:     51.18 MB used.

Virtual space:
  Non-class space:       48.00 MB reserved,      44.56 MB ( 93%) committed,  6 nodes.
      Class space:        1.00 GB reserved,       7.00 MB ( <1%) committed,  1 nodes.
             Both:        1.05 GB reserved,      51.56 MB (  5%) committed. 

Chunk freelists:
   Non-Class:  2.75 MB
       Class:  1.05 MB
        Both:  3.80 MB

MaxMetaspaceSize: unlimited
CompressedClassSpaceSize: 1.00 GB
Initial GC threshold: 21.00 MB
Current GC threshold: 85.94 MB
CDS: off
MetaspaceReclaimPolicy: balanced
 - commit_granule_bytes: 65536.
 - commit_granule_words: 8192.
 - virtual_space_node_default_size: 1048576.
 - enlarge_chunks_in_place: 1.
 - new_chunks_are_fully_committed: 0.
 - uncommit_free_chunks: 1.
 - use_allocation_guard: 0.
 - handle_deallocations: 1.


Internal statistics:

num_allocs_failed_limit: 3.
num_arena_births: 462.
num_arena_deaths: 22.
num_vsnodes_births: 7.
num_vsnodes_deaths: 0.
num_space_committed: 825.
num_space_uncommitted: 0.
num_chunks_returned_to_freelist: 33.
num_chunks_taken_from_freelist: 2104.
num_chunk_merges: 12.
num_chunk_splits: 1387.
num_chunks_enlarged: 973.
num_purges: 4.
num_inconsistent_stats: 0.

CodeHeap 'non-profiled nmethods': size=120000Kb used=4588Kb max_used=4588Kb free=115411Kb
 bounds [0x0000016b5d6e0000, 0x0000016b5db60000, 0x0000016b64c10000]
CodeHeap 'profiled nmethods': size=120000Kb used=10016Kb max_used=10016Kb free=109983Kb
 bounds [0x0000016b55c10000, 0x0000016b565e0000, 0x0000016b5d140000]
CodeHeap 'non-nmethods': size=5760Kb used=2318Kb max_used=2395Kb free=3442Kb
 bounds [0x0000016b5d140000, 0x0000016b5d3b0000, 0x0000016b5d6e0000]
 total_blobs=5988 nmethods=5154 adapters=746
 compilation: enabled
              stopped_count=0, restarted_count=0
 full_count=0

Compilation events (20 events):
Event: 30.344 Thread 0x0000016b6cac7740 5908 %     3       org.objectweb.asm.ClassWriter::toByteArray @ 865 (1535 bytes)
Event: 30.352 Thread 0x0000016b6cac7740 nmethod 5908% 0x0000016b565b1d10 code [0x0000016b565b2600, 0x0000016b565b6528]
Event: 30.352 Thread 0x0000016b6cac7740 5915       3       org.objectweb.asm.ClassReader::accept (1412 bytes)
Event: 30.352 Thread 0x0000016b7150af60 5904       4       org.objectweb.asm.MethodWriter::hasFrames (13 bytes)
Event: 30.353 Thread 0x0000016b7150af60 nmethod 5904 0x0000016b5db5ae10 code [0x0000016b5db5af80, 0x0000016b5db5b018]
Event: 30.353 Thread 0x0000016b7150af60 5901       4       org.objectweb.asm.MethodVisitor::visitInvokeDynamicInsn (39 bytes)
Event: 30.367 Thread 0x0000016b6cac7740 nmethod 5915 0x0000016b565b8510 code [0x0000016b565b90a0, 0x0000016b565c0408]
Event: 30.367 Thread 0x0000016b6cac7740 5916       3       org.objectweb.asm.ClassWriter::toByteArray (1535 bytes)
Event: 30.376 Thread 0x0000016b6cac7740 nmethod 5916 0x0000016b565c3a10 code [0x0000016b565c42e0, 0x0000016b565c7f88]
Event: 30.376 Thread 0x0000016b6cac7740 5909       3       org.objectweb.asm.Context::<init> (5 bytes)
Event: 30.376 Thread 0x0000016b6cac7740 nmethod 5909 0x0000016b561fa490 code [0x0000016b561fa620, 0x0000016b561fa778]
Event: 30.376 Thread 0x0000016b6cac7740 5913       3       org.objectweb.asm.SymbolTable::computeBootstrapMethodsSize (27 bytes)
Event: 30.376 Thread 0x0000016b6cac7740 nmethod 5913 0x0000016b565c9f10 code [0x0000016b565ca0c0, 0x0000016b565ca288]
Event: 30.376 Thread 0x0000016b6cac7740 5910       3       org.objectweb.asm.SymbolTable::getConstantPoolLength (8 bytes)
Event: 30.377 Thread 0x0000016b6cac7740 nmethod 5910 0x0000016b565ca390 code [0x0000016b565ca520, 0x0000016b565ca638]
Event: 30.377 Thread 0x0000016b6cac7740 5911       3       org.objectweb.asm.ByteVector::<init> (12 bytes)
Event: 30.377 Thread 0x0000016b6cac7740 nmethod 5911 0x0000016b565ca710 code [0x0000016b565ca8c0, 0x0000016b565cab18]
Event: 30.377 Thread 0x0000016b6cac7740 5912       3       org.objectweb.asm.SymbolTable::putConstantPool (28 bytes)
Event: 30.377 Thread 0x0000016b6cac7740 nmethod 5912 0x0000016b565cac10 code [0x0000016b565cadc0, 0x0000016b565caf78]
Event: 31.024 Thread 0x0000016b6cac7740 5919       3       java.util.concurrent.ThreadPoolExecutor::runStateAtLeast (11 bytes)

GC Heap History (20 events):
Event: 18.198 GC heap before
{Heap before GC invocations=15 (full 0):
 garbage-first heap   total 115712K, used 87595K [0x0000000080000000, 0x0000000100000000)
  region size 1024K, 36 young (36864K), 1 survivors (1024K)
 Metaspace       used 43865K, committed 44224K, reserved 1089536K
  class space    used 5956K, committed 6144K, reserved 1048576K
}
Event: 18.203 GC heap after
{Heap after GC invocations=16 (full 0):
 garbage-first heap   total 115712K, used 54652K [0x0000000080000000, 0x0000000100000000)
  region size 1024K, 4 young (4096K), 4 survivors (4096K)
 Metaspace       used 43865K, committed 44224K, reserved 1089536K
  class space    used 5956K, committed 6144K, reserved 1048576K
}
Event: 20.110 GC heap before
{Heap before GC invocations=17 (full 0):
 garbage-first heap   total 115712K, used 91516K [0x0000000080000000, 0x0000000100000000)
  region size 1024K, 38 young (38912K), 4 survivors (4096K)
 Metaspace       used 49299K, committed 49728K, reserved 1097728K
  class space    used 6529K, committed 6720K, reserved 1048576K
}
Event: 20.124 GC heap after
{Heap after GC invocations=18 (full 0):
 garbage-first heap   total 115712K, used 58584K [0x0000000080000000, 0x0000000100000000)
  region size 1024K, 4 young (4096K), 4 survivors (4096K)
 Metaspace       used 49299K, committed 49728K, reserved 1097728K
  class space    used 6529K, committed 6720K, reserved 1048576K
}
Event: 20.149 GC heap before
{Heap before GC invocations=18 (full 0):
 garbage-first heap   total 115712K, used 59608K [0x0000000080000000, 0x0000000100000000)
  region size 1024K, 5 young (5120K), 4 survivors (4096K)
 Metaspace       used 49308K, committed 49728K, reserved 1097728K
  class space    used 6531K, committed 6720K, reserved 1048576K
}
Event: 20.155 GC heap after
{Heap after GC invocations=19 (full 0):
 garbage-first heap   total 115712K, used 59006K [0x0000000080000000, 0x0000000100000000)
  region size 1024K, 1 young (1024K), 1 survivors (1024K)
 Metaspace       used 49308K, committed 49728K, reserved 1097728K
  class space    used 6531K, committed 6720K, reserved 1048576K
}
Event: 21.873 GC heap before
{Heap before GC invocations=19 (full 0):
 garbage-first heap   total 115712K, used 83582K [0x0000000080000000, 0x0000000100000000)
  region size 1024K, 26 young (26624K), 1 survivors (1024K)
 Metaspace       used 51954K, committed 52416K, reserved 1097728K
  class space    used 6934K, committed 7168K, reserved 1048576K
}
Event: 21.880 GC heap after
{Heap after GC invocations=20 (full 0):
 garbage-first heap   total 234496K, used 60014K [0x0000000080000000, 0x0000000100000000)
  region size 1024K, 2 young (2048K), 2 survivors (2048K)
 Metaspace       used 51954K, committed 52416K, reserved 1097728K
  class space    used 6934K, committed 7168K, reserved 1048576K
}
Event: 21.986 GC heap before
{Heap before GC invocations=20 (full 0):
 garbage-first heap   total 234496K, used 68206K [0x0000000080000000, 0x0000000100000000)
  region size 1024K, 8 young (8192K), 2 survivors (2048K)
 Metaspace       used 52110K, committed 52608K, reserved 1097728K
  class space    used 6949K, committed 7168K, reserved 1048576K
}
Event: 21.991 GC heap after
{Heap after GC invocations=21 (full 0):
 garbage-first heap   total 234496K, used 60111K [0x0000000080000000, 0x0000000100000000)
  region size 1024K, 2 young (2048K), 2 survivors (2048K)
 Metaspace       used 52110K, committed 52608K, reserved 1097728K
  class space    used 6949K, committed 7168K, reserved 1048576K
}
Event: 23.282 GC heap before
{Heap before GC invocations=22 (full 0):
 garbage-first heap   total 219136K, used 123599K [0x0000000080000000, 0x0000000100000000)
  region size 1024K, 63 young (64512K), 2 survivors (2048K)
 Metaspace       used 52363K, committed 52800K, reserved 1097728K
  class space    used 6949K, committed 7168K, reserved 1048576K
}
Event: 23.288 GC heap after
{Heap after GC invocations=23 (full 0):
 garbage-first heap   total 219136K, used 63638K [0x0000000080000000, 0x0000000100000000)
  region size 1024K, 3 young (3072K), 3 survivors (3072K)
 Metaspace       used 52363K, committed 52800K, reserved 1097728K
  class space    used 6949K, committed 7168K, reserved 1048576K
}
Event: 23.486 GC heap before
{Heap before GC invocations=24 (full 0):
 garbage-first heap   total 219136K, used 72854K [0x0000000080000000, 0x0000000100000000)
  region size 1024K, 12 young (12288K), 3 survivors (3072K)
 Metaspace       used 52363K, committed 52800K, reserved 1097728K
  class space    used 6949K, committed 7168K, reserved 1048576K
}
Event: 23.499 GC heap after
{Heap after GC invocations=25 (full 0):
 garbage-first heap   total 219136K, used 66841K [0x0000000080000000, 0x0000000100000000)
  region size 1024K, 6 young (6144K), 6 survivors (6144K)
 Metaspace       used 52363K, committed 52800K, reserved 1097728K
  class space    used 6949K, committed 7168K, reserved 1048576K
}
Event: 24.987 GC heap before
{Heap before GC invocations=26 (full 0):
 garbage-first heap   total 219136K, used 148761K [0x0000000080000000, 0x0000000100000000)
  region size 1024K, 86 young (88064K), 6 survivors (6144K)
 Metaspace       used 52382K, committed 52800K, reserved 1097728K
  class space    used 6949K, committed 7168K, reserved 1048576K
}
Event: 24.992 GC heap after
{Heap after GC invocations=27 (full 0):
 garbage-first heap   total 219136K, used 64529K [0x0000000080000000, 0x0000000100000000)
  region size 1024K, 3 young (3072K), 3 survivors (3072K)
 Metaspace       used 52382K, committed 52800K, reserved 1097728K
  class space    used 6949K, committed 7168K, reserved 1048576K
}
Event: 27.119 GC heap before
{Heap before GC invocations=27 (full 0):
 garbage-first heap   total 219136K, used 175121K [0x0000000080000000, 0x0000000100000000)
  region size 1024K, 111 young (113664K), 3 survivors (3072K)
 Metaspace       used 52393K, committed 52800K, reserved 1097728K
  class space    used 6950K, committed 7168K, reserved 1048576K
}
Event: 27.125 GC heap after
{Heap after GC invocations=28 (full 0):
 garbage-first heap   total 219136K, used 65222K [0x0000000080000000, 0x0000000100000000)
  region size 1024K, 4 young (4096K), 4 survivors (4096K)
 Metaspace       used 52393K, committed 52800K, reserved 1097728K
  class space    used 6950K, committed 7168K, reserved 1048576K
}
Event: 29.732 GC heap before
{Heap before GC invocations=29 (full 0):
 garbage-first heap   total 219136K, used 177862K [0x0000000080000000, 0x0000000100000000)
  region size 1024K, 114 young (116736K), 4 survivors (4096K)
 Metaspace       used 52397K, committed 52800K, reserved 1097728K
  class space    used 6950K, committed 7168K, reserved 1048576K
}
Event: 29.739 GC heap after
{Heap after GC invocations=30 (full 0):
 garbage-first heap   total 219136K, used 66238K [0x0000000080000000, 0x0000000100000000)
  region size 1024K, 5 young (5120K), 5 survivors (5120K)
 Metaspace       used 52397K, committed 52800K, reserved 1097728K
  class space    used 6950K, committed 7168K, reserved 1048576K
}

Dll operation events (2 events):
Event: 0.022 Loaded shared library C:\Program Files\Android\Android Studio\jbr\bin\java.dll
Event: 0.499 Loaded shared library C:\Program Files\Android\Android Studio\jbr\bin\verify.dll

Deoptimization events (20 events):
Event: 30.315 Thread 0x0000016b6ef935e0 Uncommon trap: trap_request=0xffffff45 fr.pc=0x0000016b5da51ab4 relative=0x0000000000006214
Event: 30.315 Thread 0x0000016b6ef935e0 Uncommon trap: reason=unstable_if action=reinterpret pc=0x0000016b5da51ab4 method=org.objectweb.asm.ClassWriter.toByteArray()[B @ 410 c2
Event: 30.315 Thread 0x0000016b6ef935e0 DEOPT PACKING pc=0x0000016b5da51ab4 sp=0x00000065c31fe640
Event: 30.315 Thread 0x0000016b6ef935e0 DEOPT UNPACKING pc=0x0000016b5d1969a3 sp=0x00000065c31fe618 mode 2
Event: 30.328 Thread 0x0000016b6ef935e0 DEOPT PACKING pc=0x0000016b5659f4f0 sp=0x00000065c31fe650
Event: 30.328 Thread 0x0000016b6ef935e0 DEOPT UNPACKING pc=0x0000016b5d197143 sp=0x00000065c31fdb30 mode 0
Event: 30.344 Thread 0x0000016b6ef935e0 DEOPT PACKING pc=0x0000016b5659f4f0 sp=0x00000065c31fe650
Event: 30.344 Thread 0x0000016b6ef935e0 DEOPT UNPACKING pc=0x0000016b5d197143 sp=0x00000065c31fdb30 mode 0
Event: 30.365 Thread 0x0000016b6ef935e0 DEOPT PACKING pc=0x0000016b5659f4f0 sp=0x00000065c31fe650
Event: 30.365 Thread 0x0000016b6ef935e0 DEOPT UNPACKING pc=0x0000016b5d197143 sp=0x00000065c31fdb30 mode 0
Event: 30.381 Thread 0x0000016b6ef935e0 DEOPT PACKING pc=0x0000016b5659f4f0 sp=0x00000065c31fe650
Event: 30.381 Thread 0x0000016b6ef935e0 DEOPT UNPACKING pc=0x0000016b5d197143 sp=0x00000065c31fdb30 mode 0
Event: 30.394 Thread 0x0000016b6ef935e0 DEOPT PACKING pc=0x0000016b5659f4f0 sp=0x00000065c31fe650
Event: 30.394 Thread 0x0000016b6ef935e0 DEOPT UNPACKING pc=0x0000016b5d197143 sp=0x00000065c31fdb30 mode 0
Event: 30.410 Thread 0x0000016b6ef935e0 DEOPT PACKING pc=0x0000016b5659f4f0 sp=0x00000065c31fe650
Event: 30.410 Thread 0x0000016b6ef935e0 DEOPT UNPACKING pc=0x0000016b5d197143 sp=0x00000065c31fdb30 mode 0
Event: 30.430 Thread 0x0000016b6ef935e0 DEOPT PACKING pc=0x0000016b5659f4f0 sp=0x00000065c31fe650
Event: 30.430 Thread 0x0000016b6ef935e0 DEOPT UNPACKING pc=0x0000016b5d197143 sp=0x00000065c31fdb30 mode 0
Event: 30.447 Thread 0x0000016b6ef935e0 DEOPT PACKING pc=0x0000016b5659f4f0 sp=0x00000065c31fe650
Event: 30.447 Thread 0x0000016b6ef935e0 DEOPT UNPACKING pc=0x0000016b5d197143 sp=0x00000065c31fdb30 mode 0

Classes unloaded (12 events):
Event: 14.369 Thread 0x0000016b6c47fc60 Unloading class 0x000000010041f400 'java/lang/invoke/LambdaForm$MH+0x000000010041f400'
Event: 14.369 Thread 0x0000016b6c47fc60 Unloading class 0x000000010041f000 'java/lang/invoke/LambdaForm$MH+0x000000010041f000'
Event: 14.369 Thread 0x0000016b6c47fc60 Unloading class 0x000000010041ec00 'java/lang/invoke/LambdaForm$MH+0x000000010041ec00'
Event: 14.369 Thread 0x0000016b6c47fc60 Unloading class 0x000000010041e800 'java/lang/invoke/LambdaForm$DMH+0x000000010041e800'
Event: 14.369 Thread 0x0000016b6c47fc60 Unloading class 0x000000010041e000 'java/lang/invoke/LambdaForm$DMH+0x000000010041e000'
Event: 14.369 Thread 0x0000016b6c47fc60 Unloading class 0x000000010041dc00 'java/lang/invoke/LambdaForm$DMH+0x000000010041dc00'
Event: 14.369 Thread 0x0000016b6c47fc60 Unloading class 0x000000010041d400 'java/lang/invoke/LambdaForm$DMH+0x000000010041d400'
Event: 14.369 Thread 0x0000016b6c47fc60 Unloading class 0x000000010041cc00 'java/lang/invoke/LambdaForm$DMH+0x000000010041cc00'
Event: 14.369 Thread 0x0000016b6c47fc60 Unloading class 0x000000010041c800 'java/lang/invoke/LambdaForm$DMH+0x000000010041c800'
Event: 14.369 Thread 0x0000016b6c47fc60 Unloading class 0x000000010041c400 'java/lang/invoke/LambdaForm$DMH+0x000000010041c400'
Event: 22.032 Thread 0x0000016b6c47fc60 Unloading class 0x0000000100604558 '_BuildScript_$_run_closure1'
Event: 22.032 Thread 0x0000016b6c47fc60 Unloading class 0x0000000100604000 '_BuildScript_'

Classes redefined (0 events):
No events

Internal exceptions (20 events):
Event: 20.464 Thread 0x0000016b6efb7900 Exception <a 'java/lang/ClassNotFoundException'{0x000000008cdb7c98}: sync_studio_tooling_8ewiwb0s8v7zfrm4vlggy99q9BeanInfo> (0x000000008cdb7c98) 
thrown [s\src\hotspot\share\classfile\systemDictionary.cpp, line 256]
Event: 20.465 Thread 0x0000016b6efb7900 Exception <a 'java/lang/ClassNotFoundException'{0x000000008cdbe5a8}: sync_studio_tooling_8ewiwb0s8v7zfrm4vlggy99q9Customizer> (0x000000008cdbe5a8) 
thrown [s\src\hotspot\share\classfile\systemDictionary.cpp, line 256]
Event: 20.488 Thread 0x0000016b6efb7900 Exception <a 'java/lang/ClassNotFoundException'{0x000000008cc0b548}: org/gradle/internal/metaobject/ConfigureDelegateBeanInfo> (0x000000008cc0b548) 
thrown [s\src\hotspot\share\classfile\systemDictionary.cpp, line 256]
Event: 20.490 Thread 0x0000016b6efb7900 Exception <a 'java/lang/ClassNotFoundException'{0x000000008cc1b748}: org/gradle/internal/metaobject/ConfigureDelegateCustomizer> (0x000000008cc1b748) 
thrown [s\src\hotspot\share\classfile\systemDictionary.cpp, line 256]
Event: 20.520 Thread 0x0000016b6efb7900 Exception <a 'java/lang/ClassNotFoundException'{0x000000008cc6bff8}: org/gradle/api/internal/initialization/DefaultScriptHandlerBeanInfo> (0x000000008cc6bff8) 
thrown [s\src\hotspot\share\classfile\systemDictionary.cpp, line 256]
Event: 20.521 Thread 0x0000016b6efb7900 Exception <a 'java/lang/ClassNotFoundException'{0x000000008cc7c538}: org/gradle/api/internal/initialization/DefaultScriptHandlerCustomizer> (0x000000008cc7c538) 
thrown [s\src\hotspot\share\classfile\systemDictionary.cpp, line 256]
Event: 21.075 Thread 0x0000016b6efb7900 Implicit null exception at 0x0000016b5d98ddec to 0x0000016b5d98de90
Event: 21.102 Thread 0x0000016b6efb7900 Exception <a 'java/lang/ClassNotFoundException'{0x00000000864178c8}: org/gradle/api/internal/artifacts/dsl/dependencies/DefaultDependencyHandler_DecoratedBeanInfo> (0x00000000864178c8) 
thrown [s\src\hotspot\share\classfile\systemDictionary.cpp, line 256]
Event: 21.103 Thread 0x0000016b6efb7900 Exception <a 'java/lang/ClassNotFoundException'{0x000000008642d3f0}: org/gradle/api/internal/artifacts/dsl/dependencies/DefaultDependencyHandlerBeanInfo> (0x000000008642d3f0) 
thrown [s\src\hotspot\share\classfile\systemDictionary.cpp, line 256]
Event: 21.105 Thread 0x0000016b6efb7900 Exception <a 'java/lang/ClassNotFoundException'{0x0000000086442438}: org/gradle/api/internal/artifacts/dsl/dependencies/DefaultDependencyHandlerCustomizer> (0x0000000086442438) 
thrown [s\src\hotspot\share\classfile\systemDictionary.cpp, line 256]
Event: 21.116 Thread 0x0000016b6efb7900 Exception <a 'java/lang/ClassNotFoundException'{0x00000000864814d8}: org/gradle/api/internal/artifacts/dsl/dependencies/DefaultDependencyHandler_DecoratedCustomizer> (0x00000000864814d8) 
thrown [s\src\hotspot\share\classfile\systemDictionary.cpp, line 256]
Event: 21.135 Thread 0x0000016b6efb7900 Exception <a 'java/lang/ClassNotFoundException'{0x00000000864c2328}: sync_studio_tooling_8ewiwb0s8v7zfrm4vlggy99q9$_run_closure1BeanInfo> (0x00000000864c2328) 
thrown [s\src\hotspot\share\classfile\systemDictionary.cpp, line 256]
Event: 21.136 Thread 0x0000016b6efb7900 Exception <a 'java/lang/ClassNotFoundException'{0x00000000864c9308}: sync_studio_tooling_8ewiwb0s8v7zfrm4vlggy99q9$_run_closure1Customizer> (0x00000000864c9308) 
thrown [s\src\hotspot\share\classfile\systemDictionary.cpp, line 256]
Event: 21.260 Thread 0x0000016b6efb7900 Exception <a 'java/lang/NoSuchMethodError'{0x00000000862e5038}: 'java.lang.Object java.lang.invoke.DirectMethodHandle$Holder.newInvokeSpecial(java.lang.Object, int, java.lang.Object)'> (0x00000000862e5038) 
thrown [s\src\hotspot\share\interpreter\linkResolver.cpp, line 771]
Event: 21.813 Thread 0x0000016b6efb7900 Exception <a 'java/lang/NoSuchMethodError'{0x00000000858c09c0}: 'int java.lang.invoke.DirectMethodHandle$Holder.invokeStatic(java.lang.Object)'> (0x00000000858c09c0) 
thrown [s\src\hotspot\share\interpreter\linkResolver.cpp, line 771]
Event: 21.814 Thread 0x0000016b6efb7900 Exception <a 'java/lang/NoSuchMethodError'{0x00000000858c4db0}: 'int java.lang.invoke.DirectMethodHandle$Holder.invokeStaticInit(java.lang.Object)'> (0x00000000858c4db0) 
thrown [s\src\hotspot\share\interpreter\linkResolver.cpp, line 771]
Event: 21.856 Thread 0x0000016b6ef90a90 Exception <a 'sun/nio/fs/WindowsException'{0x00000000857485b8}> (0x00000000857485b8) 
thrown [s\src\hotspot\share\prims\jni.cpp, line 517]
Event: 21.971 Thread 0x0000016b6ef935e0 Exception <a 'sun/nio/fs/WindowsException'{0x000000008e0f4388}> (0x000000008e0f4388) 
thrown [s\src\hotspot\share\prims\jni.cpp, line 517]
Event: 22.893 Thread 0x0000016b6ef90a90 Exception <a 'sun/nio/fs/WindowsException'{0x000000008aad1960}> (0x000000008aad1960) 
thrown [s\src\hotspot\share\prims\jni.cpp, line 517]
Event: 22.907 Thread 0x0000016b6ef90a90 Exception <a 'sun/nio/fs/WindowsException'{0x000000008aad1b28}> (0x000000008aad1b28) 
thrown [s\src\hotspot\share\prims\jni.cpp, line 517]

VM Operations (20 events):
Event: 24.986 Executing VM operation: G1CollectForAllocation
Event: 24.993 Executing VM operation: G1CollectForAllocation done
Event: 26.005 Executing VM operation: Cleanup
Event: 26.005 Executing VM operation: Cleanup done
Event: 27.006 Executing VM operation: Cleanup
Event: 27.007 Executing VM operation: Cleanup done
Event: 27.119 Executing VM operation: G1CollectForAllocation
Event: 27.125 Executing VM operation: G1CollectForAllocation done
Event: 27.162 Executing VM operation: G1Concurrent
Event: 27.168 Executing VM operation: G1Concurrent done
Event: 27.183 Executing VM operation: G1Concurrent
Event: 27.183 Executing VM operation: G1Concurrent done
Event: 27.867 Executing VM operation: HandshakeAllThreads
Event: 27.868 Executing VM operation: HandshakeAllThreads done
Event: 28.882 Executing VM operation: Cleanup
Event: 28.887 Executing VM operation: Cleanup done
Event: 29.732 Executing VM operation: G1CollectForAllocation
Event: 29.739 Executing VM operation: G1CollectForAllocation done
Event: 30.740 Executing VM operation: Cleanup
Event: 30.740 Executing VM operation: Cleanup done

Events (20 events):
Event: 19.928 loading class java/util/stream/SortedOps$SizedIntSortingSink done
Event: 19.928 loading class java/util/stream/ReferencePipeline$4$1
Event: 19.928 loading class java/util/stream/ReferencePipeline$4$1 done
Event: 20.266 loading class java/util/stream/ReduceOps$5
Event: 20.266 loading class java/util/stream/ReduceOps$5 done
Event: 20.266 loading class java/util/stream/ReduceOps$CountingSink$OfRef
Event: 20.267 loading class java/util/stream/ReduceOps$CountingSink$OfRef done
Event: 21.681 loading class java/io/DeleteOnExitHook
Event: 21.681 loading class java/io/DeleteOnExitHook done
Event: 21.682 loading class java/io/DeleteOnExitHook$1
Event: 21.682 loading class java/io/DeleteOnExitHook$1 done
Event: 21.882 loading class java/security/Key
Event: 21.882 loading class java/security/Key done
Event: 25.086 loading class jdk/internal/access/foreign/MemorySegmentProxy
Event: 25.087 loading class jdk/internal/access/foreign/MemorySegmentProxy done
Event: 27.875 Thread 0x0000016b6cac8040 flushing nmethod 0x0000016b55fa1b90
Event: 27.877 Thread 0x0000016b6cac8040 flushing nmethod 0x0000016b56191a10
Event: 27.877 Thread 0x0000016b6cac8040 flushing nmethod 0x0000016b561fa490
Event: 29.778 Thread 0x0000016b7150af60 Thread exited: 0x0000016b7150af60
Event: 30.352 Thread 0x0000016b7150af60 Thread added: 0x0000016b7150af60


Dynamic libraries:
0x00007ff6b6d20000 - 0x00007ff6b6d2a000 	C:\Program Files\Android\Android Studio\jbr\bin\java.exe
0x00007ff96f020000 - 0x00007ff96f287000 	C:\WINDOWS\SYSTEM32\ntdll.dll
0x00007ff96d5f0000 - 0x00007ff96d6b9000 	C:\WINDOWS\System32\KERNEL32.DLL
0x00007ff96bb10000 - 0x00007ff96bf04000 	C:\WINDOWS\System32\KERNELBASE.dll
0x00007ff96bfa0000 - 0x00007ff96c0eb000 	C:\WINDOWS\System32\ucrtbase.dll
0x00007ff94be00000 - 0x00007ff94be17000 	C:\Program Files\Android\Android Studio\jbr\bin\jli.dll
0x00007ff96ebe0000 - 0x00007ff96eda5000 	C:\WINDOWS\System32\USER32.dll
0x00007ff96cd80000 - 0x00007ff96cda7000 	C:\WINDOWS\System32\win32u.dll
0x00007ff96de30000 - 0x00007ff96de5b000 	C:\WINDOWS\System32\GDI32.dll
0x00007ff94dc60000 - 0x00007ff94def3000 	C:\WINDOWS\WinSxS\amd64_microsoft.windows.common-controls_6595b64144ccf1df_6.0.26100.8115_none_3e075c82e3354f9c\COMCTL32.dll
0x00007ff96c1a0000 - 0x00007ff96c2cb000 	C:\WINDOWS\System32\gdi32full.dll
0x00007ff96ba60000 - 0x00007ff96bb03000 	C:\WINDOWS\System32\msvcp_win.dll
0x00007ff96ce20000 - 0x00007ff96cec9000 	C:\WINDOWS\System32\msvcrt.dll
0x00007ff94bde0000 - 0x00007ff94bdfb000 	C:\Program Files\Android\Android Studio\jbr\bin\VCRUNTIME140.dll
0x00007ff96ced0000 - 0x00007ff96cf02000 	C:\WINDOWS\System32\IMM32.DLL
0x00007ff94f170000 - 0x00007ff94f17c000 	C:\Program Files\Android\Android Studio\jbr\bin\vcruntime140_1.dll
0x00007ff926d20000 - 0x00007ff926dad000 	C:\Program Files\Android\Android Studio\jbr\bin\msvcp140.dll
0x00007ff8c7220000 - 0x00007ff8c7e8e000 	C:\Program Files\Android\Android Studio\jbr\bin\server\jvm.dll
0x00007ff96d530000 - 0x00007ff96d5e6000 	C:\WINDOWS\System32\ADVAPI32.dll
0x00007ff96d260000 - 0x00007ff96d307000 	C:\WINDOWS\System32\sechost.dll
0x00007ff96e410000 - 0x00007ff96e528000 	C:\WINDOWS\System32\RPCRT4.dll
0x00007ff958430000 - 0x00007ff95843b000 	C:\WINDOWS\SYSTEM32\VERSION.dll
0x00007ff969860000 - 0x00007ff969896000 	C:\WINDOWS\SYSTEM32\WINMM.dll
0x00007ff9423c0000 - 0x00007ff9423ca000 	C:\WINDOWS\SYSTEM32\WSOCK32.dll
0x00007ff96edb0000 - 0x00007ff96ee30000 	C:\WINDOWS\System32\WS2_32.dll
0x00007ff96a620000 - 0x00007ff96a63b000 	C:\WINDOWS\SYSTEM32\kernel.appcore.dll
0x00007ff965a50000 - 0x00007ff965a5a000 	C:\Program Files\Android\Android Studio\jbr\bin\jimage.dll
0x00007ff969570000 - 0x00007ff9697b2000 	C:\WINDOWS\SYSTEM32\DBGHELP.DLL
0x00007ff96e570000 - 0x00007ff96e8f2000 	C:\WINDOWS\System32\combase.dll
0x00007ff96e330000 - 0x00007ff96e408000 	C:\WINDOWS\System32\OLEAUT32.dll
0x00007ff969820000 - 0x00007ff96985b000 	C:\WINDOWS\SYSTEM32\dbgcore.DLL
0x00007ff96c0f0000 - 0x00007ff96c195000 	C:\WINDOWS\System32\bcryptPrimitives.dll
0x00007ff95bf30000 - 0x00007ff95bf55000 	C:\Program Files\Android\Android Studio\jbr\bin\java.dll
0x00007ff956af0000 - 0x00007ff956b08000 	C:\Program Files\Android\Android Studio\jbr\bin\zip.dll
0x00007ff96d6c0000 - 0x00007ff96de27000 	C:\WINDOWS\System32\SHELL32.dll
0x00007ff96b8f0000 - 0x00007ff96ba5a000 	C:\WINDOWS\System32\wintypes.dll
0x00007ff96c510000 - 0x00007ff96cd78000 	C:\WINDOWS\System32\windows.storage.dll
0x00007ff96cf20000 - 0x00007ff96d018000 	C:\WINDOWS\System32\SHCORE.dll
0x00007ff96cdb0000 - 0x00007ff96ce16000 	C:\WINDOWS\System32\shlwapi.dll
0x00007ff96b810000 - 0x00007ff96b839000 	C:\WINDOWS\SYSTEM32\profapi.dll
0x00007ff94f0f0000 - 0x00007ff94f109000 	C:\Program Files\Android\Android Studio\jbr\bin\net.dll
0x00007ff964870000 - 0x00007ff96499d000 	C:\WINDOWS\SYSTEM32\WINHTTP.dll
0x00007ff96abf0000 - 0x00007ff96ac5c000 	C:\WINDOWS\system32\mswsock.dll
0x00007ff94e920000 - 0x00007ff94e936000 	C:\Program Files\Android\Android Studio\jbr\bin\nio.dll
0x00007ff956ae0000 - 0x00007ff956af0000 	C:\Program Files\Android\Android Studio\jbr\bin\verify.dll
0x00007ff94f180000 - 0x00007ff94f1a7000 	C:\Users\Ashley (etu-arakoto)\.gradle\native\68d5fa5c4cc2d200863cafc0d521ce42e7d3e7ee720ec0a83991735586a16f82\windows-amd64\native-platform.dll
0x00007ff903510000 - 0x00007ff903654000 	C:\Users\Ashley (etu-arakoto)\.gradle\native\e376f236ea51e6404a007f0833ffe2c6e607c4080706a723a18a27aeea778392\windows-amd64\native-platform-file-events.dll
0x00007ff956350000 - 0x00007ff956359000 	C:\Program Files\Android\Android Studio\jbr\bin\management.dll
0x00007ff94f160000 - 0x00007ff94f16b000 	C:\Program Files\Android\Android Studio\jbr\bin\management_ext.dll
0x00007ff96e300000 - 0x00007ff96e308000 	C:\WINDOWS\System32\PSAPI.DLL
0x00007ff96aed0000 - 0x00007ff96aeeb000 	C:\WINDOWS\SYSTEM32\CRYPTSP.dll
0x00007ff96a5e0000 - 0x00007ff96a619000 	C:\WINDOWS\system32\rsaenh.dll
0x00007ff96aca0000 - 0x00007ff96acd3000 	C:\WINDOWS\SYSTEM32\USERENV.dll
0x00007ff96b7e0000 - 0x00007ff96b80a000 	C:\WINDOWS\SYSTEM32\bcrypt.dll
0x00007ff96aef0000 - 0x00007ff96aefc000 	C:\WINDOWS\SYSTEM32\CRYPTBASE.dll
0x00007ff96a030000 - 0x00007ff96a062000 	C:\WINDOWS\SYSTEM32\IPHLPAPI.DLL
0x00007ff96e2f0000 - 0x00007ff96e2fa000 	C:\WINDOWS\System32\NSI.dll
0x00007ff965180000 - 0x00007ff96519d000 	C:\WINDOWS\SYSTEM32\dhcpcsvc6.DLL
0x00007ff965150000 - 0x00007ff965175000 	C:\WINDOWS\SYSTEM32\dhcpcsvc.DLL
0x00007ff96a0c0000 - 0x00007ff96a1f2000 	C:\WINDOWS\SYSTEM32\DNSAPI.dll
0x00007ff92ec40000 - 0x00007ff92ec48000 	C:\WINDOWS\system32\wshunix.dll
0x00007ff96a7a0000 - 0x00007ff96a7d6000 	C:\WINDOWS\SYSTEM32\ntmarta.dll

dbghelp: loaded successfully - version: 4.0.5 - missing functions: none
symbol engine: initialized successfully - sym options: 0x614 - pdb path: .;C:\Program Files\Android\Android Studio\jbr\bin;C:\WINDOWS\SYSTEM32;C:\WINDOWS\WinSxS\amd64_microsoft.windows.common-controls_6595b64144ccf1df_6.0.26100.8115_none_3e075c82e3354f9c;C:\Program Files\Android\Android Studio\jbr\bin\server;C:\Users\Ashley (etu-arakoto)\.gradle\native\68d5fa5c4cc2d200863cafc0d521ce42e7d3e7ee720ec0a83991735586a16f82\windows-amd64;C:\Users\Ashley (etu-arakoto)\.gradle\native\e376f236ea51e6404a007f0833ffe2c6e607c4080706a723a18a27aeea778392\windows-amd64

VM Arguments:
jvm_args: --add-opens=java.base/java.util=ALL-UNNAMED --add-opens=java.base/java.lang=ALL-UNNAMED --add-opens=java.base/java.lang.invoke=ALL-UNNAMED --add-opens=java.prefs/java.util.prefs=ALL-UNNAMED --add-opens=java.base/java.nio.charset=ALL-UNNAMED --add-opens=java.base/java.net=ALL-UNNAMED --add-opens=java.base/java.util.concurrent.atomic=ALL-UNNAMED -Xmx2048m -Dfile.encoding=UTF-8 -Duser.country=FR -Duser.language=fr -Duser.variant 
java_command: org.gradle.launcher.daemon.bootstrap.GradleDaemon 8.0
java_class_path (initial): C:\Users\Ashley (etu-arakoto)\.gradle\wrapper\dists\gradle-8.0-bin\ca5e32bp14vu59qr306oxotwh\gradle-8.0\lib\gradle-launcher-8.0.jar
Launcher Type: SUN_STANDARD

[Global flags]
     intx CICompilerCount                          = 4                                         {product} {ergonomic}
     uint ConcGCThreads                            = 3                                         {product} {ergonomic}
     uint G1ConcRefinementThreads                  = 10                                        {product} {ergonomic}
   size_t G1HeapRegionSize                         = 1048576                                   {product} {ergonomic}
    uintx GCDrainStackTargetSize                   = 64                                        {product} {ergonomic}
   size_t InitialHeapSize                          = 264241152                                 {product} {ergonomic}
   size_t MarkStackSize                            = 4194304                                   {product} {ergonomic}
   size_t MaxHeapSize                              = 2147483648                                {product} {command line}
   size_t MaxNewSize                               = 1287651328                                {product} {ergonomic}
   size_t MinHeapDeltaBytes                        = 1048576                                   {product} {ergonomic}
   size_t MinHeapSize                              = 8388608                                   {product} {ergonomic}
    uintx NonNMethodCodeHeapSize                   = 5839372                                {pd product} {ergonomic}
    uintx NonProfiledCodeHeapSize                  = 122909434                              {pd product} {ergonomic}
    uintx ProfiledCodeHeapSize                     = 122909434                              {pd product} {ergonomic}
    uintx ReservedCodeCacheSize                    = 251658240                              {pd product} {ergonomic}
     bool SegmentedCodeCache                       = true                                      {product} {ergonomic}
   size_t SoftMaxHeapSize                          = 2147483648                             {manageable} {ergonomic}
     bool UseCompressedClassPointers               = true                           {product lp64_product} {ergonomic}
     bool UseCompressedOops                        = true                           {product lp64_product} {ergonomic}
     bool UseG1GC                                  = true                                      {product} {ergonomic}
     bool UseLargePagesIndividualAllocation        = false                                  {pd product} {ergonomic}

Logging:
Log output configuration:
 #0: stdout all=warning uptime,level,tags
 #1: stderr all=off uptime,level,tags

Environment Variables:
PATH=C:\Program Files\Eclipse Adoptium\jdk-21.0.3.9-hotspot\bin;C:\Python312\Scripts\;C:\Python312\;C:\Program Files (x86)\Common Files\Oracle\Java\javapath;C:\WINDOWS\system32;C:\WINDOWS;C:\WINDOWS\System32\Wbem;C:\WINDOWS\System32\WindowsPowerShell\v1.0\;C:\WINDOWS\System32\OpenSSH\;C:\Program Files\dotnet\;C:\Program Files\Microsoft SQL Server\150\Tools\Binn\;C:\Program Files\Microsoft SQL Server\Client SDK\ODBC\170\Tools\Binn\;C:\Program Files\MongoDB\mongosh-2.0.1-win32-x64\bin;C:\ProgramData\chocolatey\bin;C:\Program Files\k6\;C:\Program Files\Git\cmd;C:\Program Files\PuTTY\;C:\composer;C:\xampp\mysql\bin\mysql.exe;C:\Program Files\Go\bin;C:\Program Files\Docker\Docker\resources\bin;%NVM_HOME%;%NVM_SYMLINK%;C:\Program Files (x86)\Microsoft SQL Server\160\Tools\Binn\;C:\Program Files\Microsoft SQL Server\160\Tools\Binn\;C:\Program Files\Microsoft SQL Server\160\DTS\Binn\;C:\Ruby33-x64\bin;C:\Users\Ashley (etu-arakoto)\.cargo\bin;C:\Users\Ashley (etu-arakoto)\AppData\Local\Microsoft\WindowsApps;C:\Users\Ashley (etu-arakoto)\AppData\Local\Programs\Microsoft VS Code\bin;C:\Users\Ashley (etu-arakoto)\.dotnet\tools;C:\Program Files\MongoDB\Server\7.0\bin;C:\Users\Ashley (etu-arakoto)\AppData\Roaming\npm;C:\dartsdk-windows-x64-release\dart-sdk\bin;C:\PHP;C:\Users\Ashley (etu-arakoto)\AppData\Roaming\Composer\vendor\bin;C:\composer;C:\xampp\mysql\bin;C:\Program Files (x86)\Java\jre-1.8\bin;C:\Users\Ashley (etu-arakoto)\AppData\Roaming\Programs\Zero Install;C:\Users\Ashley (etu-arakoto)\go\bin;C:\Program Files\Go\bin;C:\apache-maven-3.9.9-bin\apache-maven-3.9.9\bin;C:\spring-3.3.5\bin;C:\kotlinc\bin;C:\gradle-8.12\bin;C:\Program Files\PostgreSQL\16\bin;C:\Users\Ashley (etu-arakoto)\AppData\Local\Microsoft\WindowsApps;C:\Python312\Scripts;C:\sqlite3;C:\stripe_1.29.0_windows_x86_64;C:\flutter_windows_3.13.6-stable\flutter\bin;C:\Users\Ashley (etu-arakoto)\AppData\Local\nvm;C:\nvm4w\nodejs
USERNAME=Ashley (etu-arakoto)
OS=Windows_NT
PROCESSOR_IDENTIFIER=Intel64 Family 6 Model 186 Stepping 3, GenuineIntel
TMP=C:\Users\ASHLEY~1\AppData\Local\Temp
TEMP=C:\Users\ASHLEY~1\AppData\Local\Temp


JNI global refs:
JNI global refs: 27, weak refs: 12

JNI global refs memory usage: 843, weak refs: 841


---------------  S Y S T E M  ---------------

OS:
 Windows 11 , 64 bit Build 26100 (10.0.26100.8246)
OS uptime: 5 days 18:49 hours
Hyper-V role detected

CPU: total 12 (initial active 12) (6 cores per cpu, 2 threads per core) family 6 model 186 stepping 3 microcode 0x6134, cx8, cmov, fxsr, ht, mmx, 3dnowpref, sse, sse2, sse3, ssse3, sse4.1, sse4.2, popcnt, lzcnt, tsc, tscinvbit, avx, avx2, aes, erms, clmul, bmi1, bmi2, adx, sha, fma, vzeroupper, clflush, clflushopt, clwb, hv

Memory: 4k page, system-wide physical 16068M (1134M free)
TotalPageFile size 65220M (AvailPageFile size 7M)
current process WorkingSet (physical memory assigned to process): 410M, peak: 437M
current process commit charge ("private bytes"): 450M, peak: 482M

vm_info: OpenJDK 64-Bit Server VM (17.0.6+0-b2043.56-10027231) for windows-amd64 JRE (17.0.6+0-b2043.56-10027231), built on Apr 28 2023 00:43:19 by "androidbuild" with MS VC++ 16.10 / 16.11 (VS2019)

END.
